[1.971s] Invoking command in '/home/grocerybot/Desktop/EC463_Team_21_Grocery_Robot/workspace/src/robot_task_manager': PYTHONPATH=/home/grocerybot/Desktop/EC463_Team_21_Grocery_Robot/build/robot_task_manager/prefix_override:/usr/lib/python3/dist-packages/colcon_core/task/python/colcon_distutils_commands:/home/grocerybot/Desktop/EC463_Team_21_Grocery_Robot/install/robot_task_manager/lib/python3.10/site-packages:${PYTHONPATH} /usr/bin/python3 -W ignore:setup.py install is deprecated -W ignore:easy_install command is deprecated setup.py egg_info --egg-base ../../../build/robot_task_manager build --build-base /home/grocerybot/Desktop/EC463_Team_21_Grocery_Robot/build/robot_task_manager/build install --record /home/grocerybot/Desktop/EC463_Team_21_Grocery_Robot/build/robot_task_manager/install.log --single-version-externally-managed install_data
[2.708s] running egg_info
[2.709s] writing ../../../build/robot_task_manager/robot_task_manager.egg-info/PKG-INFO
[2.710s] writing dependency_links to ../../../build/robot_task_manager/robot_task_manager.egg-info/dependency_links.txt
[2.711s] writing entry points to ../../../build/robot_task_manager/robot_task_manager.egg-info/entry_points.txt
[2.711s] writing requirements to ../../../build/robot_task_manager/robot_task_manager.egg-info/requires.txt
[2.711s] writing top-level names to ../../../build/robot_task_manager/robot_task_manager.egg-info/top_level.txt
[2.717s] reading manifest file '../../../build/robot_task_manager/robot_task_manager.egg-info/SOURCES.txt'
[2.718s] adding license file 'LICENSE'
[2.720s] writing manifest file '../../../build/robot_task_manager/robot_task_manager.egg-info/SOURCES.txt'
[2.720s] running build
[2.720s] running build_py
[2.722s] copying robot_task_manager/trees/customer.py -> /home/grocerybot/Desktop/EC463_Team_21_Grocery_Robot/build/robot_task_manager/build/lib/robot_task_manager/trees
[2.724s] running install
[2.725s] running install_lib
[2.729s] copying /home/grocerybot/Desktop/EC463_Team_21_Grocery_Robot/build/robot_task_manager/build/lib/robot_task_manager/trees/customer.py -> /home/grocerybot/Desktop/EC463_Team_21_Grocery_Robot/install/robot_task_manager/lib/python3.10/site-packages/robot_task_manager/trees
[2.731s] byte-compiling /home/grocerybot/Desktop/EC463_Team_21_Grocery_Robot/install/robot_task_manager/lib/python3.10/site-packages/robot_task_manager/trees/customer.py to customer.cpython-310.pyc
[2.733s] running install_data
[2.733s] running install_egg_info
[2.738s] removing '/home/grocerybot/Desktop/EC463_Team_21_Grocery_Robot/install/robot_task_manager/lib/python3.10/site-packages/robot_task_manager-1.0.0-py3.10.egg-info' (and everything under it)
[2.739s] Copying ../../../build/robot_task_manager/robot_task_manager.egg-info to /home/grocerybot/Desktop/EC463_Team_21_Grocery_Robot/install/robot_task_manager/lib/python3.10/site-packages/robot_task_manager-1.0.0-py3.10.egg-info
[2.741s] running install_scripts
[2.797s] Installing bt_executor script to /home/grocerybot/Desktop/EC463_Team_21_Grocery_Robot/install/robot_task_manager/lib/robot_task_manager
[2.799s] writing list of installed files to '/home/grocerybot/Desktop/EC463_Team_21_Grocery_Robot/build/robot_task_manager/install.log'
[2.912s] Invoked command in '/home/grocerybot/Desktop/EC463_Team_21_Grocery_Robot/workspace/src/robot_task_manager' returned '0': PYTHONPATH=/home/grocerybot/Desktop/EC463_Team_21_Grocery_Robot/build/robot_task_manager/prefix_override:/usr/lib/python3/dist-packages/colcon_core/task/python/colcon_distutils_commands:/home/grocerybot/Desktop/EC463_Team_21_Grocery_Robot/install/robot_task_manager/lib/python3.10/site-packages:${PYTHONPATH} /usr/bin/python3 -W ignore:setup.py install is deprecated -W ignore:easy_install command is deprecated setup.py egg_info --egg-base ../../../build/robot_task_manager build --build-base /home/grocerybot/Desktop/EC463_Team_21_Grocery_Robot/build/robot_task_manager/build install --record /home/grocerybot/Desktop/EC463_Team_21_Grocery_Robot/build/robot_task_manager/install.log --single-version-externally-managed install_data
