[1.862s] Invoking command in '/home/grocerybot/Desktop/EC463_Team_21_Grocery_Robot/workspace/src/robot_task_manager': PYTHONPATH=/home/grocerybot/Desktop/EC463_Team_21_Grocery_Robot/build/robot_task_manager/prefix_override:/usr/lib/python3/dist-packages/colcon_core/task/python/colcon_distutils_commands:/home/grocerybot/Desktop/EC463_Team_21_Grocery_Robot/install/robot_task_manager/lib/python3.10/site-packages:${PYTHONPATH} /usr/bin/python3 -W ignore:setup.py install is deprecated -W ignore:easy_install command is deprecated setup.py egg_info --egg-base ../../../build/robot_task_manager build --build-base /home/grocerybot/Desktop/EC463_Team_21_Grocery_Robot/build/robot_task_manager/build install --record /home/grocerybot/Desktop/EC463_Team_21_Grocery_Robot/build/robot_task_manager/install.log --single-version-externally-managed install_data
[2.520s] running egg_info
[2.521s] writing ../../../build/robot_task_manager/robot_task_manager.egg-info/PKG-INFO
[2.522s] writing dependency_links to ../../../build/robot_task_manager/robot_task_manager.egg-info/dependency_links.txt
[2.522s] writing entry points to ../../../build/robot_task_manager/robot_task_manager.egg-info/entry_points.txt
[2.523s] writing requirements to ../../../build/robot_task_manager/robot_task_manager.egg-info/requires.txt
[2.524s] writing top-level names to ../../../build/robot_task_manager/robot_task_manager.egg-info/top_level.txt
[2.529s] reading manifest file '../../../build/robot_task_manager/robot_task_manager.egg-info/SOURCES.txt'
[2.529s] adding license file 'LICENSE'
[2.531s] writing manifest file '../../../build/robot_task_manager/robot_task_manager.egg-info/SOURCES.txt'
[2.531s] running build
[2.532s] running build_py
[2.532s] copying robot_task_manager/bt_nodes/state_update.py -> /home/grocerybot/Desktop/EC463_Team_21_Grocery_Robot/build/robot_task_manager/build/lib/robot_task_manager/bt_nodes
[2.534s] copying robot_task_manager/bt_nodes/inventory_nodes.py -> /home/grocerybot/Desktop/EC463_Team_21_Grocery_Robot/build/robot_task_manager/build/lib/robot_task_manager/bt_nodes
[2.534s] copying robot_task_manager/bt_nodes/__init__.py -> /home/grocerybot/Desktop/EC463_Team_21_Grocery_Robot/build/robot_task_manager/build/lib/robot_task_manager/bt_nodes
[2.534s] copying robot_task_manager/trees/customer.py -> /home/grocerybot/Desktop/EC463_Team_21_Grocery_Robot/build/robot_task_manager/build/lib/robot_task_manager/trees
[2.536s] copying robot_task_manager/trees/restock.py -> /home/grocerybot/Desktop/EC463_Team_21_Grocery_Robot/build/robot_task_manager/build/lib/robot_task_manager/trees
[2.536s] running install
[2.537s] running install_lib
[2.540s] copying /home/grocerybot/Desktop/EC463_Team_21_Grocery_Robot/build/robot_task_manager/build/lib/robot_task_manager/bt_nodes/state_update.py -> /home/grocerybot/Desktop/EC463_Team_21_Grocery_Robot/install/robot_task_manager/lib/python3.10/site-packages/robot_task_manager/bt_nodes
[2.540s] copying /home/grocerybot/Desktop/EC463_Team_21_Grocery_Robot/build/robot_task_manager/build/lib/robot_task_manager/bt_nodes/inventory_nodes.py -> /home/grocerybot/Desktop/EC463_Team_21_Grocery_Robot/install/robot_task_manager/lib/python3.10/site-packages/robot_task_manager/bt_nodes
[2.541s] copying /home/grocerybot/Desktop/EC463_Team_21_Grocery_Robot/build/robot_task_manager/build/lib/robot_task_manager/bt_nodes/__init__.py -> /home/grocerybot/Desktop/EC463_Team_21_Grocery_Robot/install/robot_task_manager/lib/python3.10/site-packages/robot_task_manager/bt_nodes
[2.541s] copying /home/grocerybot/Desktop/EC463_Team_21_Grocery_Robot/build/robot_task_manager/build/lib/robot_task_manager/trees/customer.py -> /home/grocerybot/Desktop/EC463_Team_21_Grocery_Robot/install/robot_task_manager/lib/python3.10/site-packages/robot_task_manager/trees
[2.542s] copying /home/grocerybot/Desktop/EC463_Team_21_Grocery_Robot/build/robot_task_manager/build/lib/robot_task_manager/trees/restock.py -> /home/grocerybot/Desktop/EC463_Team_21_Grocery_Robot/install/robot_task_manager/lib/python3.10/site-packages/robot_task_manager/trees
[2.544s] byte-compiling /home/grocerybot/Desktop/EC463_Team_21_Grocery_Robot/install/robot_task_manager/lib/python3.10/site-packages/robot_task_manager/bt_nodes/state_update.py to state_update.cpython-310.pyc
[2.545s] byte-compiling /home/grocerybot/Desktop/EC463_Team_21_Grocery_Robot/install/robot_task_manager/lib/python3.10/site-packages/robot_task_manager/bt_nodes/inventory_nodes.py to inventory_nodes.cpython-310.pyc
[2.546s] byte-compiling /home/grocerybot/Desktop/EC463_Team_21_Grocery_Robot/install/robot_task_manager/lib/python3.10/site-packages/robot_task_manager/bt_nodes/__init__.py to __init__.cpython-310.pyc
[2.547s] byte-compiling /home/grocerybot/Desktop/EC463_Team_21_Grocery_Robot/install/robot_task_manager/lib/python3.10/site-packages/robot_task_manager/trees/customer.py to customer.cpython-310.pyc
[2.548s] byte-compiling /home/grocerybot/Desktop/EC463_Team_21_Grocery_Robot/install/robot_task_manager/lib/python3.10/site-packages/robot_task_manager/trees/restock.py to restock.cpython-310.pyc
[2.549s] running install_data
[2.550s] running install_egg_info
[2.554s] removing '/home/grocerybot/Desktop/EC463_Team_21_Grocery_Robot/install/robot_task_manager/lib/python3.10/site-packages/robot_task_manager-1.0.0-py3.10.egg-info' (and everything under it)
[2.555s] Copying ../../../build/robot_task_manager/robot_task_manager.egg-info to /home/grocerybot/Desktop/EC463_Team_21_Grocery_Robot/install/robot_task_manager/lib/python3.10/site-packages/robot_task_manager-1.0.0-py3.10.egg-info
[2.558s] running install_scripts
[2.611s] Installing bt_executor script to /home/grocerybot/Desktop/EC463_Team_21_Grocery_Robot/install/robot_task_manager/lib/robot_task_manager
[2.614s] writing list of installed files to '/home/grocerybot/Desktop/EC463_Team_21_Grocery_Robot/build/robot_task_manager/install.log'
[2.725s] Invoked command in '/home/grocerybot/Desktop/EC463_Team_21_Grocery_Robot/workspace/src/robot_task_manager' returned '0': PYTHONPATH=/home/grocerybot/Desktop/EC463_Team_21_Grocery_Robot/build/robot_task_manager/prefix_override:/usr/lib/python3/dist-packages/colcon_core/task/python/colcon_distutils_commands:/home/grocerybot/Desktop/EC463_Team_21_Grocery_Robot/install/robot_task_manager/lib/python3.10/site-packages:${PYTHONPATH} /usr/bin/python3 -W ignore:setup.py install is deprecated -W ignore:easy_install command is deprecated setup.py egg_info --egg-base ../../../build/robot_task_manager build --build-base /home/grocerybot/Desktop/EC463_Team_21_Grocery_Robot/build/robot_task_manager/build install --record /home/grocerybot/Desktop/EC463_Team_21_Grocery_Robot/build/robot_task_manager/install.log --single-version-externally-managed install_data
