[0.027s] Invoking command in '/home/grocerybot/Desktop/EC463_Team_21_Grocery_Robot/build/robot_interfaces': CMAKE_PREFIX_PATH=${CMAKE_PREFIX_PATH}:/home/grocerybot/Desktop/EC463_Team_21_Grocery_Robot/install/robot_task_manager:/opt/ros/humble /usr/bin/cmake --build /home/grocerybot/Desktop/EC463_Team_21_Grocery_Robot/build/robot_interfaces -- -j6 -l6
[0.167s] [  6%] Built target robot_interfaces__cpp
[0.168s] [ 12%] Built target robot_interfaces__rosidl_generator_c
[0.196s] [ 12%] Built target ament_cmake_python_copy_robot_interfaces
[0.225s] [ 34%] Built target robot_interfaces__rosidl_typesupport_introspection_c
[0.225s] [ 34%] Built target robot_interfaces__rosidl_typesupport_c
[0.230s] [ 44%] Built target robot_interfaces__rosidl_typesupport_cpp
[0.231s] [ 55%] Built target robot_interfaces__rosidl_typesupport_fastrtps_c
[0.233s] [ 65%] Built target robot_interfaces__rosidl_typesupport_fastrtps_cpp
[0.262s] [ 76%] Built target robot_interfaces__rosidl_typesupport_introspection_cpp
[0.317s] [ 76%] Built target robot_interfaces
[0.375s] [ 78%] Built target robot_interfaces__py
[0.436s] [ 87%] Built target robot_interfaces__rosidl_generator_py
[0.496s] [100%] Built target robot_interfaces__rosidl_typesupport_c__pyext
[0.496s] [100%] Built target robot_interfaces__rosidl_typesupport_introspection_c__pyext
[0.496s] [100%] Built target robot_interfaces__rosidl_typesupport_fastrtps_c__pyext
[0.914s] running egg_info
[0.916s] writing robot_interfaces.egg-info/PKG-INFO
[0.917s] writing dependency_links to robot_interfaces.egg-info/dependency_links.txt
[0.917s] writing top-level names to robot_interfaces.egg-info/top_level.txt
[0.924s] reading manifest file 'robot_interfaces.egg-info/SOURCES.txt'
[0.925s] writing manifest file 'robot_interfaces.egg-info/SOURCES.txt'
[1.034s] [100%] Built target ament_cmake_python_build_robot_interfaces_egg
[1.073s] Invoked command in '/home/grocerybot/Desktop/EC463_Team_21_Grocery_Robot/build/robot_interfaces' returned '0': CMAKE_PREFIX_PATH=${CMAKE_PREFIX_PATH}:/home/grocerybot/Desktop/EC463_Team_21_Grocery_Robot/install/robot_task_manager:/opt/ros/humble /usr/bin/cmake --build /home/grocerybot/Desktop/EC463_Team_21_Grocery_Robot/build/robot_interfaces -- -j6 -l6
[1.104s] Invoking command in '/home/grocerybot/Desktop/EC463_Team_21_Grocery_Robot/build/robot_interfaces': CMAKE_PREFIX_PATH=${CMAKE_PREFIX_PATH}:/home/grocerybot/Desktop/EC463_Team_21_Grocery_Robot/install/robot_task_manager:/opt/ros/humble /usr/bin/cmake --install /home/grocerybot/Desktop/EC463_Team_21_Grocery_Robot/build/robot_interfaces
[1.127s] -- Install configuration: ""
[1.127s] -- Up-to-date: /home/grocerybot/Desktop/EC463_Team_21_Grocery_Robot/install/robot_interfaces/share/ament_index/resource_index/rosidl_interfaces/robot_interfaces
[1.127s] -- Up-to-date: /home/grocerybot/Desktop/EC463_Team_21_Grocery_Robot/install/robot_interfaces/include/robot_interfaces/robot_interfaces
[1.127s] -- Up-to-date: /home/grocerybot/Desktop/EC463_Team_21_Grocery_Robot/install/robot_interfaces/include/robot_interfaces/robot_interfaces/srv
[1.128s] -- Up-to-date: /home/grocerybot/Desktop/EC463_Team_21_Grocery_Robot/install/robot_interfaces/include/robot_interfaces/robot_interfaces/srv/detail
[1.128s] -- Up-to-date: /home/grocerybot/Desktop/EC463_Team_21_Grocery_Robot/install/robot_interfaces/include/robot_interfaces/robot_interfaces/srv/detail/new_order__type_support.h
[1.128s] -- Up-to-date: /home/grocerybot/Desktop/EC463_Team_21_Grocery_Robot/install/robot_interfaces/include/robot_interfaces/robot_interfaces/srv/detail/new_order__struct.h
[1.129s] -- Up-to-date: /home/grocerybot/Desktop/EC463_Team_21_Grocery_Robot/install/robot_interfaces/include/robot_interfaces/robot_interfaces/srv/detail/new_order__functions.c
[1.129s] -- Up-to-date: /home/grocerybot/Desktop/EC463_Team_21_Grocery_Robot/install/robot_interfaces/include/robot_interfaces/robot_interfaces/srv/detail/new_order__functions.h
[1.129s] -- Up-to-date: /home/grocerybot/Desktop/EC463_Team_21_Grocery_Robot/install/robot_interfaces/include/robot_interfaces/robot_interfaces/srv/new_order.h
[1.129s] -- Up-to-date: /home/grocerybot/Desktop/EC463_Team_21_Grocery_Robot/install/robot_interfaces/include/robot_interfaces/robot_interfaces/msg
[1.129s] -- Up-to-date: /home/grocerybot/Desktop/EC463_Team_21_Grocery_Robot/install/robot_interfaces/include/robot_interfaces/robot_interfaces/msg/detail
[1.130s] -- Up-to-date: /home/grocerybot/Desktop/EC463_Team_21_Grocery_Robot/install/robot_interfaces/include/robot_interfaces/robot_interfaces/msg/detail/order_item__type_support.h
[1.130s] -- Up-to-date: /home/grocerybot/Desktop/EC463_Team_21_Grocery_Robot/install/robot_interfaces/include/robot_interfaces/robot_interfaces/msg/detail/order_item__functions.h
[1.130s] -- Up-to-date: /home/grocerybot/Desktop/EC463_Team_21_Grocery_Robot/install/robot_interfaces/include/robot_interfaces/robot_interfaces/msg/detail/order__functions.h
[1.130s] -- Up-to-date: /home/grocerybot/Desktop/EC463_Team_21_Grocery_Robot/install/robot_interfaces/include/robot_interfaces/robot_interfaces/msg/detail/order__type_support.h
[1.130s] -- Up-to-date: /home/grocerybot/Desktop/EC463_Team_21_Grocery_Robot/install/robot_interfaces/include/robot_interfaces/robot_interfaces/msg/detail/order_item__functions.c
[1.131s] -- Up-to-date: /home/grocerybot/Desktop/EC463_Team_21_Grocery_Robot/install/robot_interfaces/include/robot_interfaces/robot_interfaces/msg/detail/order__struct.h
[1.131s] -- Up-to-date: /home/grocerybot/Desktop/EC463_Team_21_Grocery_Robot/install/robot_interfaces/include/robot_interfaces/robot_interfaces/msg/detail/order_item__struct.h
[1.131s] -- Up-to-date: /home/grocerybot/Desktop/EC463_Team_21_Grocery_Robot/install/robot_interfaces/include/robot_interfaces/robot_interfaces/msg/detail/order__functions.c
[1.131s] -- Up-to-date: /home/grocerybot/Desktop/EC463_Team_21_Grocery_Robot/install/robot_interfaces/include/robot_interfaces/robot_interfaces/msg/rosidl_generator_c__visibility_control.h
[1.131s] -- Up-to-date: /home/grocerybot/Desktop/EC463_Team_21_Grocery_Robot/install/robot_interfaces/include/robot_interfaces/robot_interfaces/msg/order.h
[1.131s] -- Up-to-date: /home/grocerybot/Desktop/EC463_Team_21_Grocery_Robot/install/robot_interfaces/include/robot_interfaces/robot_interfaces/msg/order_item.h
[1.132s] -- Up-to-date: /home/grocerybot/Desktop/EC463_Team_21_Grocery_Robot/install/robot_interfaces/share/robot_interfaces/environment/library_path.sh
[1.132s] -- Up-to-date: /home/grocerybot/Desktop/EC463_Team_21_Grocery_Robot/install/robot_interfaces/share/robot_interfaces/environment/library_path.dsv
[1.132s] -- Up-to-date: /home/grocerybot/Desktop/EC463_Team_21_Grocery_Robot/install/robot_interfaces/lib/librobot_interfaces__rosidl_generator_c.so
[1.132s] -- Up-to-date: /home/grocerybot/Desktop/EC463_Team_21_Grocery_Robot/install/robot_interfaces/include/robot_interfaces/robot_interfaces
[1.133s] -- Up-to-date: /home/grocerybot/Desktop/EC463_Team_21_Grocery_Robot/install/robot_interfaces/include/robot_interfaces/robot_interfaces/srv
[1.133s] -- Up-to-date: /home/grocerybot/Desktop/EC463_Team_21_Grocery_Robot/install/robot_interfaces/include/robot_interfaces/robot_interfaces/srv/detail
[1.133s] -- Up-to-date: /home/grocerybot/Desktop/EC463_Team_21_Grocery_Robot/install/robot_interfaces/include/robot_interfaces/robot_interfaces/srv/detail/new_order__rosidl_typesupport_fastrtps_c.h
[1.134s] -- Up-to-date: /home/grocerybot/Desktop/EC463_Team_21_Grocery_Robot/install/robot_interfaces/include/robot_interfaces/robot_interfaces/msg
[1.134s] -- Up-to-date: /home/grocerybot/Desktop/EC463_Team_21_Grocery_Robot/install/robot_interfaces/include/robot_interfaces/robot_interfaces/msg/detail
[1.134s] -- Up-to-date: /home/grocerybot/Desktop/EC463_Team_21_Grocery_Robot/install/robot_interfaces/include/robot_interfaces/robot_interfaces/msg/detail/order_item__rosidl_typesupport_fastrtps_c.h
[1.134s] -- Up-to-date: /home/grocerybot/Desktop/EC463_Team_21_Grocery_Robot/install/robot_interfaces/include/robot_interfaces/robot_interfaces/msg/detail/order__rosidl_typesupport_fastrtps_c.h
[1.134s] -- Up-to-date: /home/grocerybot/Desktop/EC463_Team_21_Grocery_Robot/install/robot_interfaces/include/robot_interfaces/robot_interfaces/msg/rosidl_typesupport_fastrtps_c__visibility_control.h
[1.134s] -- Up-to-date: /home/grocerybot/Desktop/EC463_Team_21_Grocery_Robot/install/robot_interfaces/lib/librobot_interfaces__rosidl_typesupport_fastrtps_c.so
[1.135s] -- Up-to-date: /home/grocerybot/Desktop/EC463_Team_21_Grocery_Robot/install/robot_interfaces/include/robot_interfaces/robot_interfaces
[1.135s] -- Up-to-date: /home/grocerybot/Desktop/EC463_Team_21_Grocery_Robot/install/robot_interfaces/include/robot_interfaces/robot_interfaces/srv
[1.135s] -- Up-to-date: /home/grocerybot/Desktop/EC463_Team_21_Grocery_Robot/install/robot_interfaces/include/robot_interfaces/robot_interfaces/srv/detail
[1.135s] -- Up-to-date: /home/grocerybot/Desktop/EC463_Team_21_Grocery_Robot/install/robot_interfaces/include/robot_interfaces/robot_interfaces/srv/detail/new_order__type_support.c
[1.136s] -- Up-to-date: /home/grocerybot/Desktop/EC463_Team_21_Grocery_Robot/install/robot_interfaces/include/robot_interfaces/robot_interfaces/srv/detail/new_order__rosidl_typesupport_introspection_c.h
[1.136s] -- Up-to-date: /home/grocerybot/Desktop/EC463_Team_21_Grocery_Robot/install/robot_interfaces/include/robot_interfaces/robot_interfaces/msg
[1.136s] -- Up-to-date: /home/grocerybot/Desktop/EC463_Team_21_Grocery_Robot/install/robot_interfaces/include/robot_interfaces/robot_interfaces/msg/detail
[1.136s] -- Up-to-date: /home/grocerybot/Desktop/EC463_Team_21_Grocery_Robot/install/robot_interfaces/include/robot_interfaces/robot_interfaces/msg/detail/order__type_support.c
[1.137s] -- Up-to-date: /home/grocerybot/Desktop/EC463_Team_21_Grocery_Robot/install/robot_interfaces/include/robot_interfaces/robot_interfaces/msg/detail/order_item__type_support.c
[1.137s] -- Up-to-date: /home/grocerybot/Desktop/EC463_Team_21_Grocery_Robot/install/robot_interfaces/include/robot_interfaces/robot_interfaces/msg/detail/order_item__rosidl_typesupport_introspection_c.h
[1.137s] -- Up-to-date: /home/grocerybot/Desktop/EC463_Team_21_Grocery_Robot/install/robot_interfaces/include/robot_interfaces/robot_interfaces/msg/detail/order__rosidl_typesupport_introspection_c.h
[1.137s] -- Up-to-date: /home/grocerybot/Desktop/EC463_Team_21_Grocery_Robot/install/robot_interfaces/include/robot_interfaces/robot_interfaces/msg/rosidl_typesupport_introspection_c__visibility_control.h
[1.137s] -- Up-to-date: /home/grocerybot/Desktop/EC463_Team_21_Grocery_Robot/install/robot_interfaces/lib/librobot_interfaces__rosidl_typesupport_introspection_c.so
[1.138s] -- Up-to-date: /home/grocerybot/Desktop/EC463_Team_21_Grocery_Robot/install/robot_interfaces/lib/librobot_interfaces__rosidl_typesupport_c.so
[1.138s] -- Up-to-date: /home/grocerybot/Desktop/EC463_Team_21_Grocery_Robot/install/robot_interfaces/include/robot_interfaces/robot_interfaces
[1.138s] -- Up-to-date: /home/grocerybot/Desktop/EC463_Team_21_Grocery_Robot/install/robot_interfaces/include/robot_interfaces/robot_interfaces/srv
[1.138s] -- Up-to-date: /home/grocerybot/Desktop/EC463_Team_21_Grocery_Robot/install/robot_interfaces/include/robot_interfaces/robot_interfaces/srv/detail
[1.138s] -- Up-to-date: /home/grocerybot/Desktop/EC463_Team_21_Grocery_Robot/install/robot_interfaces/include/robot_interfaces/robot_interfaces/srv/detail/new_order__type_support.hpp
[1.139s] -- Up-to-date: /home/grocerybot/Desktop/EC463_Team_21_Grocery_Robot/install/robot_interfaces/include/robot_interfaces/robot_interfaces/srv/detail/new_order__builder.hpp
[1.139s] -- Up-to-date: /home/grocerybot/Desktop/EC463_Team_21_Grocery_Robot/install/robot_interfaces/include/robot_interfaces/robot_interfaces/srv/detail/new_order__traits.hpp
[1.139s] -- Up-to-date: /home/grocerybot/Desktop/EC463_Team_21_Grocery_Robot/install/robot_interfaces/include/robot_interfaces/robot_interfaces/srv/detail/new_order__struct.hpp
[1.139s] -- Up-to-date: /home/grocerybot/Desktop/EC463_Team_21_Grocery_Robot/install/robot_interfaces/include/robot_interfaces/robot_interfaces/srv/new_order.hpp
[1.140s] -- Up-to-date: /home/grocerybot/Desktop/EC463_Team_21_Grocery_Robot/install/robot_interfaces/include/robot_interfaces/robot_interfaces/msg
[1.140s] -- Up-to-date: /home/grocerybot/Desktop/EC463_Team_21_Grocery_Robot/install/robot_interfaces/include/robot_interfaces/robot_interfaces/msg/order.hpp
[1.140s] -- Up-to-date: /home/grocerybot/Desktop/EC463_Team_21_Grocery_Robot/install/robot_interfaces/include/robot_interfaces/robot_interfaces/msg/order_item.hpp
[1.140s] -- Up-to-date: /home/grocerybot/Desktop/EC463_Team_21_Grocery_Robot/install/robot_interfaces/include/robot_interfaces/robot_interfaces/msg/detail
[1.140s] -- Up-to-date: /home/grocerybot/Desktop/EC463_Team_21_Grocery_Robot/install/robot_interfaces/include/robot_interfaces/robot_interfaces/msg/detail/order__struct.hpp
[1.140s] -- Up-to-date: /home/grocerybot/Desktop/EC463_Team_21_Grocery_Robot/install/robot_interfaces/include/robot_interfaces/robot_interfaces/msg/detail/order__builder.hpp
[1.140s] -- Up-to-date: /home/grocerybot/Desktop/EC463_Team_21_Grocery_Robot/install/robot_interfaces/include/robot_interfaces/robot_interfaces/msg/detail/order__type_support.hpp
[1.141s] -- Up-to-date: /home/grocerybot/Desktop/EC463_Team_21_Grocery_Robot/install/robot_interfaces/include/robot_interfaces/robot_interfaces/msg/detail/order_item__traits.hpp
[1.141s] -- Up-to-date: /home/grocerybot/Desktop/EC463_Team_21_Grocery_Robot/install/robot_interfaces/include/robot_interfaces/robot_interfaces/msg/detail/order_item__type_support.hpp
[1.141s] -- Up-to-date: /home/grocerybot/Desktop/EC463_Team_21_Grocery_Robot/install/robot_interfaces/include/robot_interfaces/robot_interfaces/msg/detail/order_item__struct.hpp
[1.141s] -- Up-to-date: /home/grocerybot/Desktop/EC463_Team_21_Grocery_Robot/install/robot_interfaces/include/robot_interfaces/robot_interfaces/msg/detail/order__traits.hpp
[1.141s] -- Up-to-date: /home/grocerybot/Desktop/EC463_Team_21_Grocery_Robot/install/robot_interfaces/include/robot_interfaces/robot_interfaces/msg/detail/order_item__builder.hpp
[1.141s] -- Up-to-date: /home/grocerybot/Desktop/EC463_Team_21_Grocery_Robot/install/robot_interfaces/include/robot_interfaces/robot_interfaces/msg/rosidl_generator_cpp__visibility_control.hpp
[1.141s] -- Up-to-date: /home/grocerybot/Desktop/EC463_Team_21_Grocery_Robot/install/robot_interfaces/include/robot_interfaces/robot_interfaces
[1.142s] -- Up-to-date: /home/grocerybot/Desktop/EC463_Team_21_Grocery_Robot/install/robot_interfaces/include/robot_interfaces/robot_interfaces/srv
[1.142s] -- Up-to-date: /home/grocerybot/Desktop/EC463_Team_21_Grocery_Robot/install/robot_interfaces/include/robot_interfaces/robot_interfaces/srv/detail
[1.142s] -- Up-to-date: /home/grocerybot/Desktop/EC463_Team_21_Grocery_Robot/install/robot_interfaces/include/robot_interfaces/robot_interfaces/srv/detail/dds_fastrtps
[1.142s] -- Up-to-date: /home/grocerybot/Desktop/EC463_Team_21_Grocery_Robot/install/robot_interfaces/include/robot_interfaces/robot_interfaces/srv/detail/new_order__rosidl_typesupport_fastrtps_cpp.hpp
[1.142s] -- Up-to-date: /home/grocerybot/Desktop/EC463_Team_21_Grocery_Robot/install/robot_interfaces/include/robot_interfaces/robot_interfaces/msg
[1.142s] -- Up-to-date: /home/grocerybot/Desktop/EC463_Team_21_Grocery_Robot/install/robot_interfaces/include/robot_interfaces/robot_interfaces/msg/detail
[1.142s] -- Up-to-date: /home/grocerybot/Desktop/EC463_Team_21_Grocery_Robot/install/robot_interfaces/include/robot_interfaces/robot_interfaces/msg/detail/order__rosidl_typesupport_fastrtps_cpp.hpp
[1.143s] -- Up-to-date: /home/grocerybot/Desktop/EC463_Team_21_Grocery_Robot/install/robot_interfaces/include/robot_interfaces/robot_interfaces/msg/detail/dds_fastrtps
[1.143s] -- Up-to-date: /home/grocerybot/Desktop/EC463_Team_21_Grocery_Robot/install/robot_interfaces/include/robot_interfaces/robot_interfaces/msg/detail/order_item__rosidl_typesupport_fastrtps_cpp.hpp
[1.143s] -- Up-to-date: /home/grocerybot/Desktop/EC463_Team_21_Grocery_Robot/install/robot_interfaces/include/robot_interfaces/robot_interfaces/msg/rosidl_typesupport_fastrtps_cpp__visibility_control.h
[1.143s] -- Up-to-date: /home/grocerybot/Desktop/EC463_Team_21_Grocery_Robot/install/robot_interfaces/lib/librobot_interfaces__rosidl_typesupport_fastrtps_cpp.so
[1.143s] -- Up-to-date: /home/grocerybot/Desktop/EC463_Team_21_Grocery_Robot/install/robot_interfaces/include/robot_interfaces/robot_interfaces
[1.143s] -- Up-to-date: /home/grocerybot/Desktop/EC463_Team_21_Grocery_Robot/install/robot_interfaces/include/robot_interfaces/robot_interfaces/srv
[1.143s] -- Up-to-date: /home/grocerybot/Desktop/EC463_Team_21_Grocery_Robot/install/robot_interfaces/include/robot_interfaces/robot_interfaces/srv/detail
[1.144s] -- Up-to-date: /home/grocerybot/Desktop/EC463_Team_21_Grocery_Robot/install/robot_interfaces/include/robot_interfaces/robot_interfaces/srv/detail/new_order__type_support.cpp
[1.144s] -- Up-to-date: /home/grocerybot/Desktop/EC463_Team_21_Grocery_Robot/install/robot_interfaces/include/robot_interfaces/robot_interfaces/srv/detail/new_order__rosidl_typesupport_introspection_cpp.hpp
[1.144s] -- Up-to-date: /home/grocerybot/Desktop/EC463_Team_21_Grocery_Robot/install/robot_interfaces/include/robot_interfaces/robot_interfaces/msg
[1.144s] -- Up-to-date: /home/grocerybot/Desktop/EC463_Team_21_Grocery_Robot/install/robot_interfaces/include/robot_interfaces/robot_interfaces/msg/detail
[1.144s] -- Up-to-date: /home/grocerybot/Desktop/EC463_Team_21_Grocery_Robot/install/robot_interfaces/include/robot_interfaces/robot_interfaces/msg/detail/order__type_support.cpp
[1.144s] -- Up-to-date: /home/grocerybot/Desktop/EC463_Team_21_Grocery_Robot/install/robot_interfaces/include/robot_interfaces/robot_interfaces/msg/detail/order_item__type_support.cpp
[1.144s] -- Up-to-date: /home/grocerybot/Desktop/EC463_Team_21_Grocery_Robot/install/robot_interfaces/include/robot_interfaces/robot_interfaces/msg/detail/order_item__rosidl_typesupport_introspection_cpp.hpp
[1.144s] -- Up-to-date: /home/grocerybot/Desktop/EC463_Team_21_Grocery_Robot/install/robot_interfaces/include/robot_interfaces/robot_interfaces/msg/detail/order__rosidl_typesupport_introspection_cpp.hpp
[1.145s] -- Up-to-date: /home/grocerybot/Desktop/EC463_Team_21_Grocery_Robot/install/robot_interfaces/lib/librobot_interfaces__rosidl_typesupport_introspection_cpp.so
[1.145s] -- Up-to-date: /home/grocerybot/Desktop/EC463_Team_21_Grocery_Robot/install/robot_interfaces/lib/librobot_interfaces__rosidl_typesupport_cpp.so
[1.145s] -- Up-to-date: /home/grocerybot/Desktop/EC463_Team_21_Grocery_Robot/install/robot_interfaces/share/robot_interfaces/environment/pythonpath.sh
[1.145s] -- Up-to-date: /home/grocerybot/Desktop/EC463_Team_21_Grocery_Robot/install/robot_interfaces/share/robot_interfaces/environment/pythonpath.dsv
[1.145s] -- Up-to-date: /home/grocerybot/Desktop/EC463_Team_21_Grocery_Robot/install/robot_interfaces/local/lib/python3.10/dist-packages/robot_interfaces-2.0.0-py3.10.egg-info
[1.145s] -- Installing: /home/grocerybot/Desktop/EC463_Team_21_Grocery_Robot/install/robot_interfaces/local/lib/python3.10/dist-packages/robot_interfaces-2.0.0-py3.10.egg-info/top_level.txt
[1.145s] -- Installing: /home/grocerybot/Desktop/EC463_Team_21_Grocery_Robot/install/robot_interfaces/local/lib/python3.10/dist-packages/robot_interfaces-2.0.0-py3.10.egg-info/dependency_links.txt
[1.146s] -- Installing: /home/grocerybot/Desktop/EC463_Team_21_Grocery_Robot/install/robot_interfaces/local/lib/python3.10/dist-packages/robot_interfaces-2.0.0-py3.10.egg-info/PKG-INFO
[1.146s] -- Installing: /home/grocerybot/Desktop/EC463_Team_21_Grocery_Robot/install/robot_interfaces/local/lib/python3.10/dist-packages/robot_interfaces-2.0.0-py3.10.egg-info/SOURCES.txt
[1.146s] -- Up-to-date: /home/grocerybot/Desktop/EC463_Team_21_Grocery_Robot/install/robot_interfaces/local/lib/python3.10/dist-packages/robot_interfaces
[1.146s] -- Up-to-date: /home/grocerybot/Desktop/EC463_Team_21_Grocery_Robot/install/robot_interfaces/local/lib/python3.10/dist-packages/robot_interfaces/robot_interfaces_s__rosidl_typesupport_fastrtps_c.cpython-310-aarch64-linux-gnu.so
[1.146s] -- Up-to-date: /home/grocerybot/Desktop/EC463_Team_21_Grocery_Robot/install/robot_interfaces/local/lib/python3.10/dist-packages/robot_interfaces/srv
[1.146s] -- Up-to-date: /home/grocerybot/Desktop/EC463_Team_21_Grocery_Robot/install/robot_interfaces/local/lib/python3.10/dist-packages/robot_interfaces/srv/_new_order_s.c
[1.146s] -- Up-to-date: /home/grocerybot/Desktop/EC463_Team_21_Grocery_Robot/install/robot_interfaces/local/lib/python3.10/dist-packages/robot_interfaces/srv/_new_order.py
[1.147s] -- Up-to-date: /home/grocerybot/Desktop/EC463_Team_21_Grocery_Robot/install/robot_interfaces/local/lib/python3.10/dist-packages/robot_interfaces/srv/__init__.py
[1.147s] -- Up-to-date: /home/grocerybot/Desktop/EC463_Team_21_Grocery_Robot/install/robot_interfaces/local/lib/python3.10/dist-packages/robot_interfaces/_robot_interfaces_s.ep.rosidl_typesupport_c.c
[1.147s] -- Up-to-date: /home/grocerybot/Desktop/EC463_Team_21_Grocery_Robot/install/robot_interfaces/local/lib/python3.10/dist-packages/robot_interfaces/_robot_interfaces_s.ep.rosidl_typesupport_fastrtps_c.c
[1.147s] -- Up-to-date: /home/grocerybot/Desktop/EC463_Team_21_Grocery_Robot/install/robot_interfaces/local/lib/python3.10/dist-packages/robot_interfaces/librobot_interfaces__rosidl_generator_py.so
[1.147s] -- Up-to-date: /home/grocerybot/Desktop/EC463_Team_21_Grocery_Robot/install/robot_interfaces/local/lib/python3.10/dist-packages/robot_interfaces/_robot_interfaces_s.ep.rosidl_typesupport_introspection_c.c
[1.147s] -- Up-to-date: /home/grocerybot/Desktop/EC463_Team_21_Grocery_Robot/install/robot_interfaces/local/lib/python3.10/dist-packages/robot_interfaces/robot_interfaces_s__rosidl_typesupport_c.cpython-310-aarch64-linux-gnu.so
[1.147s] -- Up-to-date: /home/grocerybot/Desktop/EC463_Team_21_Grocery_Robot/install/robot_interfaces/local/lib/python3.10/dist-packages/robot_interfaces/__init__.py
[1.147s] -- Up-to-date: /home/grocerybot/Desktop/EC463_Team_21_Grocery_Robot/install/robot_interfaces/local/lib/python3.10/dist-packages/robot_interfaces/msg
[1.148s] -- Up-to-date: /home/grocerybot/Desktop/EC463_Team_21_Grocery_Robot/install/robot_interfaces/local/lib/python3.10/dist-packages/robot_interfaces/msg/_order_s.c
[1.148s] -- Up-to-date: /home/grocerybot/Desktop/EC463_Team_21_Grocery_Robot/install/robot_interfaces/local/lib/python3.10/dist-packages/robot_interfaces/msg/_order_item_s.c
[1.148s] -- Up-to-date: /home/grocerybot/Desktop/EC463_Team_21_Grocery_Robot/install/robot_interfaces/local/lib/python3.10/dist-packages/robot_interfaces/msg/_order.py
[1.148s] -- Up-to-date: /home/grocerybot/Desktop/EC463_Team_21_Grocery_Robot/install/robot_interfaces/local/lib/python3.10/dist-packages/robot_interfaces/msg/__init__.py
[1.148s] -- Up-to-date: /home/grocerybot/Desktop/EC463_Team_21_Grocery_Robot/install/robot_interfaces/local/lib/python3.10/dist-packages/robot_interfaces/msg/_order_item.py
[1.148s] -- Up-to-date: /home/grocerybot/Desktop/EC463_Team_21_Grocery_Robot/install/robot_interfaces/local/lib/python3.10/dist-packages/robot_interfaces/robot_interfaces_s__rosidl_typesupport_introspection_c.cpython-310-aarch64-linux-gnu.so
[1.216s] Listing '/home/grocerybot/Desktop/EC463_Team_21_Grocery_Robot/install/robot_interfaces/local/lib/python3.10/dist-packages/robot_interfaces'...
[1.216s] Listing '/home/grocerybot/Desktop/EC463_Team_21_Grocery_Robot/install/robot_interfaces/local/lib/python3.10/dist-packages/robot_interfaces/msg'...
[1.217s] Listing '/home/grocerybot/Desktop/EC463_Team_21_Grocery_Robot/install/robot_interfaces/local/lib/python3.10/dist-packages/robot_interfaces/srv'...
[1.231s] -- Up-to-date: /home/grocerybot/Desktop/EC463_Team_21_Grocery_Robot/install/robot_interfaces/local/lib/python3.10/dist-packages/robot_interfaces/robot_interfaces_s__rosidl_typesupport_fastrtps_c.cpython-310-aarch64-linux-gnu.so
[1.231s] -- Up-to-date: /home/grocerybot/Desktop/EC463_Team_21_Grocery_Robot/install/robot_interfaces/local/lib/python3.10/dist-packages/robot_interfaces/robot_interfaces_s__rosidl_typesupport_introspection_c.cpython-310-aarch64-linux-gnu.so
[1.232s] -- Up-to-date: /home/grocerybot/Desktop/EC463_Team_21_Grocery_Robot/install/robot_interfaces/local/lib/python3.10/dist-packages/robot_interfaces/robot_interfaces_s__rosidl_typesupport_c.cpython-310-aarch64-linux-gnu.so
[1.232s] -- Up-to-date: /home/grocerybot/Desktop/EC463_Team_21_Grocery_Robot/install/robot_interfaces/lib/librobot_interfaces__rosidl_generator_py.so
[1.233s] -- Up-to-date: /home/grocerybot/Desktop/EC463_Team_21_Grocery_Robot/install/robot_interfaces/share/robot_interfaces/srv/NewOrder.idl
[1.234s] -- Up-to-date: /home/grocerybot/Desktop/EC463_Team_21_Grocery_Robot/install/robot_interfaces/share/robot_interfaces/msg/Order.idl
[1.234s] -- Up-to-date: /home/grocerybot/Desktop/EC463_Team_21_Grocery_Robot/install/robot_interfaces/share/robot_interfaces/msg/OrderItem.idl
[1.235s] -- Up-to-date: /home/grocerybot/Desktop/EC463_Team_21_Grocery_Robot/install/robot_interfaces/share/robot_interfaces/srv/NewOrder.srv
[1.235s] -- Up-to-date: /home/grocerybot/Desktop/EC463_Team_21_Grocery_Robot/install/robot_interfaces/share/robot_interfaces/srv/NewOrder_Request.msg
[1.236s] -- Up-to-date: /home/grocerybot/Desktop/EC463_Team_21_Grocery_Robot/install/robot_interfaces/share/robot_interfaces/srv/NewOrder_Response.msg
[1.236s] -- Up-to-date: /home/grocerybot/Desktop/EC463_Team_21_Grocery_Robot/install/robot_interfaces/share/robot_interfaces/msg/Order.msg
[1.237s] -- Up-to-date: /home/grocerybot/Desktop/EC463_Team_21_Grocery_Robot/install/robot_interfaces/share/robot_interfaces/msg/OrderItem.msg
[1.237s] -- Up-to-date: /home/grocerybot/Desktop/EC463_Team_21_Grocery_Robot/install/robot_interfaces/share/ament_index/resource_index/package_run_dependencies/robot_interfaces
[1.238s] -- Up-to-date: /home/grocerybot/Desktop/EC463_Team_21_Grocery_Robot/install/robot_interfaces/share/ament_index/resource_index/parent_prefix_path/robot_interfaces
[1.238s] -- Up-to-date: /home/grocerybot/Desktop/EC463_Team_21_Grocery_Robot/install/robot_interfaces/share/robot_interfaces/environment/ament_prefix_path.sh
[1.238s] -- Up-to-date: /home/grocerybot/Desktop/EC463_Team_21_Grocery_Robot/install/robot_interfaces/share/robot_interfaces/environment/ament_prefix_path.dsv
[1.238s] -- Up-to-date: /home/grocerybot/Desktop/EC463_Team_21_Grocery_Robot/install/robot_interfaces/share/robot_interfaces/environment/path.sh
[1.239s] -- Up-to-date: /home/grocerybot/Desktop/EC463_Team_21_Grocery_Robot/install/robot_interfaces/share/robot_interfaces/environment/path.dsv
[1.239s] -- Up-to-date: /home/grocerybot/Desktop/EC463_Team_21_Grocery_Robot/install/robot_interfaces/share/robot_interfaces/local_setup.bash
[1.239s] -- Up-to-date: /home/grocerybot/Desktop/EC463_Team_21_Grocery_Robot/install/robot_interfaces/share/robot_interfaces/local_setup.sh
[1.239s] -- Up-to-date: /home/grocerybot/Desktop/EC463_Team_21_Grocery_Robot/install/robot_interfaces/share/robot_interfaces/local_setup.zsh
[1.240s] -- Up-to-date: /home/grocerybot/Desktop/EC463_Team_21_Grocery_Robot/install/robot_interfaces/share/robot_interfaces/local_setup.dsv
[1.240s] -- Installing: /home/grocerybot/Desktop/EC463_Team_21_Grocery_Robot/install/robot_interfaces/share/robot_interfaces/package.dsv
[1.240s] -- Up-to-date: /home/grocerybot/Desktop/EC463_Team_21_Grocery_Robot/install/robot_interfaces/share/ament_index/resource_index/packages/robot_interfaces
[1.241s] -- Up-to-date: /home/grocerybot/Desktop/EC463_Team_21_Grocery_Robot/install/robot_interfaces/share/robot_interfaces/cmake/export_robot_interfaces__rosidl_generator_cExport.cmake
[1.241s] -- Up-to-date: /home/grocerybot/Desktop/EC463_Team_21_Grocery_Robot/install/robot_interfaces/share/robot_interfaces/cmake/export_robot_interfaces__rosidl_generator_cExport-noconfig.cmake
[1.241s] -- Up-to-date: /home/grocerybot/Desktop/EC463_Team_21_Grocery_Robot/install/robot_interfaces/share/robot_interfaces/cmake/export_robot_interfaces__rosidl_typesupport_fastrtps_cExport.cmake
[1.241s] -- Up-to-date: /home/grocerybot/Desktop/EC463_Team_21_Grocery_Robot/install/robot_interfaces/share/robot_interfaces/cmake/export_robot_interfaces__rosidl_typesupport_fastrtps_cExport-noconfig.cmake
[1.242s] -- Up-to-date: /home/grocerybot/Desktop/EC463_Team_21_Grocery_Robot/install/robot_interfaces/share/robot_interfaces/cmake/robot_interfaces__rosidl_typesupport_introspection_cExport.cmake
[1.242s] -- Up-to-date: /home/grocerybot/Desktop/EC463_Team_21_Grocery_Robot/install/robot_interfaces/share/robot_interfaces/cmake/robot_interfaces__rosidl_typesupport_introspection_cExport-noconfig.cmake
[1.242s] -- Up-to-date: /home/grocerybot/Desktop/EC463_Team_21_Grocery_Robot/install/robot_interfaces/share/robot_interfaces/cmake/robot_interfaces__rosidl_typesupport_cExport.cmake
[1.242s] -- Up-to-date: /home/grocerybot/Desktop/EC463_Team_21_Grocery_Robot/install/robot_interfaces/share/robot_interfaces/cmake/robot_interfaces__rosidl_typesupport_cExport-noconfig.cmake
[1.243s] -- Up-to-date: /home/grocerybot/Desktop/EC463_Team_21_Grocery_Robot/install/robot_interfaces/share/robot_interfaces/cmake/export_robot_interfaces__rosidl_generator_cppExport.cmake
[1.243s] -- Up-to-date: /home/grocerybot/Desktop/EC463_Team_21_Grocery_Robot/install/robot_interfaces/share/robot_interfaces/cmake/export_robot_interfaces__rosidl_typesupport_fastrtps_cppExport.cmake
[1.243s] -- Up-to-date: /home/grocerybot/Desktop/EC463_Team_21_Grocery_Robot/install/robot_interfaces/share/robot_interfaces/cmake/export_robot_interfaces__rosidl_typesupport_fastrtps_cppExport-noconfig.cmake
[1.243s] -- Up-to-date: /home/grocerybot/Desktop/EC463_Team_21_Grocery_Robot/install/robot_interfaces/share/robot_interfaces/cmake/robot_interfaces__rosidl_typesupport_introspection_cppExport.cmake
[1.243s] -- Up-to-date: /home/grocerybot/Desktop/EC463_Team_21_Grocery_Robot/install/robot_interfaces/share/robot_interfaces/cmake/robot_interfaces__rosidl_typesupport_introspection_cppExport-noconfig.cmake
[1.244s] -- Up-to-date: /home/grocerybot/Desktop/EC463_Team_21_Grocery_Robot/install/robot_interfaces/share/robot_interfaces/cmake/robot_interfaces__rosidl_typesupport_cppExport.cmake
[1.244s] -- Up-to-date: /home/grocerybot/Desktop/EC463_Team_21_Grocery_Robot/install/robot_interfaces/share/robot_interfaces/cmake/robot_interfaces__rosidl_typesupport_cppExport-noconfig.cmake
[1.244s] -- Up-to-date: /home/grocerybot/Desktop/EC463_Team_21_Grocery_Robot/install/robot_interfaces/share/robot_interfaces/cmake/export_robot_interfaces__rosidl_generator_pyExport.cmake
[1.244s] -- Up-to-date: /home/grocerybot/Desktop/EC463_Team_21_Grocery_Robot/install/robot_interfaces/share/robot_interfaces/cmake/export_robot_interfaces__rosidl_generator_pyExport-noconfig.cmake
[1.244s] -- Up-to-date: /home/grocerybot/Desktop/EC463_Team_21_Grocery_Robot/install/robot_interfaces/share/robot_interfaces/cmake/rosidl_cmake-extras.cmake
[1.244s] -- Up-to-date: /home/grocerybot/Desktop/EC463_Team_21_Grocery_Robot/install/robot_interfaces/share/robot_interfaces/cmake/ament_cmake_export_dependencies-extras.cmake
[1.244s] -- Up-to-date: /home/grocerybot/Desktop/EC463_Team_21_Grocery_Robot/install/robot_interfaces/share/robot_interfaces/cmake/ament_cmake_export_include_directories-extras.cmake
[1.245s] -- Up-to-date: /home/grocerybot/Desktop/EC463_Team_21_Grocery_Robot/install/robot_interfaces/share/robot_interfaces/cmake/ament_cmake_export_libraries-extras.cmake
[1.245s] -- Up-to-date: /home/grocerybot/Desktop/EC463_Team_21_Grocery_Robot/install/robot_interfaces/share/robot_interfaces/cmake/ament_cmake_export_targets-extras.cmake
[1.245s] -- Up-to-date: /home/grocerybot/Desktop/EC463_Team_21_Grocery_Robot/install/robot_interfaces/share/robot_interfaces/cmake/rosidl_cmake_export_typesupport_targets-extras.cmake
[1.245s] -- Up-to-date: /home/grocerybot/Desktop/EC463_Team_21_Grocery_Robot/install/robot_interfaces/share/robot_interfaces/cmake/rosidl_cmake_export_typesupport_libraries-extras.cmake
[1.245s] -- Up-to-date: /home/grocerybot/Desktop/EC463_Team_21_Grocery_Robot/install/robot_interfaces/share/robot_interfaces/cmake/robot_interfacesConfig.cmake
[1.245s] -- Up-to-date: /home/grocerybot/Desktop/EC463_Team_21_Grocery_Robot/install/robot_interfaces/share/robot_interfaces/cmake/robot_interfacesConfig-version.cmake
[1.246s] -- Up-to-date: /home/grocerybot/Desktop/EC463_Team_21_Grocery_Robot/install/robot_interfaces/share/robot_interfaces/package.xml
[1.250s] Invoked command in '/home/grocerybot/Desktop/EC463_Team_21_Grocery_Robot/build/robot_interfaces' returned '0': CMAKE_PREFIX_PATH=${CMAKE_PREFIX_PATH}:/home/grocerybot/Desktop/EC463_Team_21_Grocery_Robot/install/robot_task_manager:/opt/ros/humble /usr/bin/cmake --install /home/grocerybot/Desktop/EC463_Team_21_Grocery_Robot/build/robot_interfaces
