<html>
<body>
<pre>
<h1>µVision Build Log</h1>
<h2>Tool Versions:</h2>
IDE-Version: ¦ÌVision V5.26.2.0
Copyright (C) 2018 ARM Ltd and ARM Germany GmbH. All rights reserved.
License Information: xxx jiang hebin, xxx, LIC=ZB4EI-TFG5B-MMV9I-TQ4IS-D8AHJ-W9F6Q
 
Tool Versions:
Toolchain:       MDK-ARM Plus  Version: 5.26.2.0
Toolchain Path:  C:\Keil_v5\ARM\ARMCC\Bin
C Compiler:      Armcc.exe V5.06 update 6 (build 750)
Assembler:       Armasm.exe V5.06 update 6 (build 750)
Linker/Locator:  ArmLink.exe V5.06 update 6 (build 750)
Library Manager: ArmAr.exe V5.06 update 6 (build 750)
Hex Converter:   FromElf.exe V5.06 update 6 (build 750)
CPU DLL:         SARMCM3.DLL V5.26.2.0
Dialog DLL:      DCM.DLL V1.17.2.0
Target DLL:      STLink\ST-LINKIII-KEIL_SWO.dll V3.0.5.0
Dialog DLL:      TCM.DLL V1.36.1.0
 
<h2>Project:</h2>
F:\EC463\EC463_Team_21_Grocery_Robot\STM32\Base_Control\MDK-ARM\test.uvprojx
Project File Date:  01/18/2026

<h2>Output:</h2>
*** Using Compiler 'V5.06 update 6 (build 750)', folder: 'C:\Keil_v5\ARM\ARMCC\Bin'
Rebuild target 'test'
assembling startup_stm32f427xx.s...
compiling adc.c...
compiling gpio.c...
compiling main.c...
../Core/Src/main.c(79): warning:  #550-D: variable "debug_target_vx"  was set but never used
  static float debug_target_vx = 0.0f;
../Core/Src/main.c(80): warning:  #550-D: variable "debug_target_vy"  was set but never used
  static float debug_target_vy = 0.0f;
../Core/Src/main.c(81): warning:  #550-D: variable "debug_target_w"  was set but never used
  static float debug_target_w = 0.0f;
../Core/Src/main.c(85): warning:  #550-D: variable "debug_yaw"  was set but never used
  static float debug_yaw = 0.0f;
../Core/Src/main.c: 4 warnings, 0 errors
compiling can.c...
compiling dma.c...
compiling spi.c...
compiling stm32f4xx_it.c...
compiling tim.c...
compiling usart.c...
compiling stm32f4xx_hal_msp.c...
compiling stm32f4xx_ll_adc.c...
compiling stm32f4xx_hal_adc_ex.c...
compiling stm32f4xx_hal_adc.c...
compiling stm32f4xx_hal_rcc.c...
compiling stm32f4xx_hal_flash.c...
compiling stm32f4xx_hal_rcc_ex.c...
compiling stm32f4xx_hal_flash_ex.c...
compiling stm32f4xx_hal_flash_ramfunc.c...
compiling stm32f4xx_hal_gpio.c...
compiling stm32f4xx_hal_dma_ex.c...
compiling stm32f4xx_hal_dma.c...
compiling stm32f4xx_hal_pwr.c...
compiling stm32f4xx_hal_pwr_ex.c...
compiling stm32f4xx_hal_cortex.c...
compiling stm32f4xx_hal.c...
compiling stm32f4xx_hal_exti.c...
compiling stm32f4xx_hal_can.c...
compiling stm32f4xx_hal_spi.c...
compiling stm32f4xx_hal_tim.c...
compiling stm32f4xx_hal_tim_ex.c...
compiling stm32f4xx_hal_uart.c...
compiling system_stm32f4xx.c...
compiling drv_djiboarda.cpp...
compiling drv_math.cpp...
compiling drv_can.cpp...
compiling drv_uart.cpp...
compiling drv_tim.cpp...
compiling alg_pid.cpp...
compiling dvc_motor_dji.cpp...
compiling dvc_serialplot.cpp...
compiling dvc_ahrs_wheeltec.cpp...
compiling dvc_imu_mpu6500.cpp...
compiling dvc_host_uart.cpp...
compiling crt_chassis.cpp...
linking...
Program Size: Code=39072 RO-data=912 RW-data=380 ZI-data=78916  
FromELF: creating hex file...
"test\test.axf" - 0 Error(s), 4 Warning(s).

<h2>Software Packages used:</h2>

Package Vendor: ARM
                http://www.keil.com/pack/ARM.CMSIS.5.4.0.pack
                ARM.CMSIS.5.4.0
                CMSIS (Cortex Microcontroller Software Interface Standard)
   * Component: CORE Version: 5.1.2

Package Vendor: Keil
                http://www.keil.com/pack/Keil.STM32F4xx_DFP.2.8.0.pack
                Keil.STM32F4xx_DFP.2.8.0
                STMicroelectronics STM32F4 Series Device Support, Drivers and Examples

<h2>Collection of Component include folders:</h2>
  .\RTE\_test
  C:\Keil_v5\ARM\PACK\ARM\CMSIS\5.4.0\CMSIS\Core\Include
  C:\Keil_v5\ARM\PACK\Keil\STM32F4xx_DFP\2.8.0\Drivers\CMSIS\Device\ST\STM32F4xx\Include

<h2>Collection of Component Files used:</h2>

   * Component: ARM::CMSIS:CORE:5.1.2
Build Time Elapsed:  00:02:18
</pre>
</body>
</html>
