[0.031s] Invoking command in '/home/grocerybot/Desktop/EC463_Team_21_Grocery_Robot/build/robot_interfaces': CMAKE_PREFIX_PATH=${CMAKE_PREFIX_PATH}:/home/grocerybot/Desktop/EC463_Team_21_Grocery_Robot/install/robot_task_manager:/opt/ros/humble /usr/bin/cmake --build /home/grocerybot/Desktop/EC463_Team_21_Grocery_Robot/build/robot_interfaces -- -j6 -l6
[0.168s] [  6%] Built target robot_interfaces__cpp
[0.168s] [ 12%] Built target robot_interfaces__rosidl_generator_c
[0.194s] [ 12%] Built target ament_cmake_python_copy_robot_interfaces
[0.226s] [ 34%] Built target robot_interfaces__rosidl_typesupport_introspection_c
[0.227s] [ 34%] Built target robot_interfaces__rosidl_typesupport_c
[0.229s] [ 65%] Built target robot_interfaces__rosidl_typesupport_cpp
[0.231s] [ 44%] Built target robot_interfaces__rosidl_typesupport_fastrtps_c
[0.231s] [ 55%] Built target robot_interfaces__rosidl_typesupport_fastrtps_cpp
[0.259s] [ 76%] Built target robot_interfaces__rosidl_typesupport_introspection_cpp
[0.309s] [ 76%] Built target robot_interfaces
[0.364s] [ 78%] Built target robot_interfaces__py
[0.424s] [ 87%] Built target robot_interfaces__rosidl_generator_py
[0.482s] [100%] Built target robot_interfaces__rosidl_typesupport_fastrtps_c__pyext
[0.482s] [100%] Built target robot_interfaces__rosidl_typesupport_introspection_c__pyext
[0.482s] [100%] Built target robot_interfaces__rosidl_typesupport_c__pyext
[0.896s] running egg_info
[0.897s] writing robot_interfaces.egg-info/PKG-INFO
[0.898s] writing dependency_links to robot_interfaces.egg-info/dependency_links.txt
[0.899s] writing top-level names to robot_interfaces.egg-info/top_level.txt
[0.905s] reading manifest file 'robot_interfaces.egg-info/SOURCES.txt'
[0.906s] writing manifest file 'robot_interfaces.egg-info/SOURCES.txt'
[1.010s] [100%] Built target ament_cmake_python_build_robot_interfaces_egg
[1.045s] Invoked command in '/home/grocerybot/Desktop/EC463_Team_21_Grocery_Robot/build/robot_interfaces' returned '0': CMAKE_PREFIX_PATH=${CMAKE_PREFIX_PATH}:/home/grocerybot/Desktop/EC463_Team_21_Grocery_Robot/install/robot_task_manager:/opt/ros/humble /usr/bin/cmake --build /home/grocerybot/Desktop/EC463_Team_21_Grocery_Robot/build/robot_interfaces -- -j6 -l6
[1.074s] Invoking command in '/home/grocerybot/Desktop/EC463_Team_21_Grocery_Robot/build/robot_interfaces': CMAKE_PREFIX_PATH=${CMAKE_PREFIX_PATH}:/home/grocerybot/Desktop/EC463_Team_21_Grocery_Robot/install/robot_task_manager:/opt/ros/humble /usr/bin/cmake --install /home/grocerybot/Desktop/EC463_Team_21_Grocery_Robot/build/robot_interfaces
[1.095s] -- Install configuration: ""
[1.095s] -- Up-to-date: /home/grocerybot/Desktop/EC463_Team_21_Grocery_Robot/install/robot_interfaces/share/ament_index/resource_index/rosidl_interfaces/robot_interfaces
[1.096s] -- Up-to-date: /home/grocerybot/Desktop/EC463_Team_21_Grocery_Robot/install/robot_interfaces/include/robot_interfaces/robot_interfaces
[1.096s] -- Up-to-date: /home/grocerybot/Desktop/EC463_Team_21_Grocery_Robot/install/robot_interfaces/include/robot_interfaces/robot_interfaces/srv
[1.096s] -- Up-to-date: /home/grocerybot/Desktop/EC463_Team_21_Grocery_Robot/install/robot_interfaces/include/robot_interfaces/robot_interfaces/srv/detail
[1.096s] -- Up-to-date: /home/grocerybot/Desktop/EC463_Team_21_Grocery_Robot/install/robot_interfaces/include/robot_interfaces/robot_interfaces/srv/detail/new_order__type_support.h
[1.096s] -- Up-to-date: /home/grocerybot/Desktop/EC463_Team_21_Grocery_Robot/install/robot_interfaces/include/robot_interfaces/robot_interfaces/srv/detail/new_order__struct.h
[1.097s] -- Up-to-date: /home/grocerybot/Desktop/EC463_Team_21_Grocery_Robot/install/robot_interfaces/include/robot_interfaces/robot_interfaces/srv/detail/new_order__functions.c
[1.097s] -- Up-to-date: /home/grocerybot/Desktop/EC463_Team_21_Grocery_Robot/install/robot_interfaces/include/robot_interfaces/robot_interfaces/srv/detail/new_order__functions.h
[1.097s] -- Up-to-date: /home/grocerybot/Desktop/EC463_Team_21_Grocery_Robot/install/robot_interfaces/include/robot_interfaces/robot_interfaces/srv/new_order.h
[1.097s] -- Up-to-date: /home/grocerybot/Desktop/EC463_Team_21_Grocery_Robot/install/robot_interfaces/include/robot_interfaces/robot_interfaces/msg
[1.097s] -- Up-to-date: /home/grocerybot/Desktop/EC463_Team_21_Grocery_Robot/install/robot_interfaces/include/robot_interfaces/robot_interfaces/msg/detail
[1.097s] -- Up-to-date: /home/grocerybot/Desktop/EC463_Team_21_Grocery_Robot/install/robot_interfaces/include/robot_interfaces/robot_interfaces/msg/detail/order_item__type_support.h
[1.098s] -- Up-to-date: /home/grocerybot/Desktop/EC463_Team_21_Grocery_Robot/install/robot_interfaces/include/robot_interfaces/robot_interfaces/msg/detail/order_item__functions.h
[1.098s] -- Up-to-date: /home/grocerybot/Desktop/EC463_Team_21_Grocery_Robot/install/robot_interfaces/include/robot_interfaces/robot_interfaces/msg/detail/order__functions.h
[1.098s] -- Up-to-date: /home/grocerybot/Desktop/EC463_Team_21_Grocery_Robot/install/robot_interfaces/include/robot_interfaces/robot_interfaces/msg/detail/order__type_support.h
[1.098s] -- Up-to-date: /home/grocerybot/Desktop/EC463_Team_21_Grocery_Robot/install/robot_interfaces/include/robot_interfaces/robot_interfaces/msg/detail/order_item__functions.c
[1.098s] -- Up-to-date: /home/grocerybot/Desktop/EC463_Team_21_Grocery_Robot/install/robot_interfaces/include/robot_interfaces/robot_interfaces/msg/detail/order__struct.h
[1.098s] -- Up-to-date: /home/grocerybot/Desktop/EC463_Team_21_Grocery_Robot/install/robot_interfaces/include/robot_interfaces/robot_interfaces/msg/detail/order_item__struct.h
[1.099s] -- Up-to-date: /home/grocerybot/Desktop/EC463_Team_21_Grocery_Robot/install/robot_interfaces/include/robot_interfaces/robot_interfaces/msg/detail/order__functions.c
[1.099s] -- Up-to-date: /home/grocerybot/Desktop/EC463_Team_21_Grocery_Robot/install/robot_interfaces/include/robot_interfaces/robot_interfaces/msg/rosidl_generator_c__visibility_control.h
[1.099s] -- Up-to-date: /home/grocerybot/Desktop/EC463_Team_21_Grocery_Robot/install/robot_interfaces/include/robot_interfaces/robot_interfaces/msg/order.h
[1.100s] -- Up-to-date: /home/grocerybot/Desktop/EC463_Team_21_Grocery_Robot/install/robot_interfaces/include/robot_interfaces/robot_interfaces/msg/order_item.h
[1.100s] -- Up-to-date: /home/grocerybot/Desktop/EC463_Team_21_Grocery_Robot/install/robot_interfaces/share/robot_interfaces/environment/library_path.sh
[1.100s] -- Up-to-date: /home/grocerybot/Desktop/EC463_Team_21_Grocery_Robot/install/robot_interfaces/share/robot_interfaces/environment/library_path.dsv
[1.100s] -- Up-to-date: /home/grocerybot/Desktop/EC463_Team_21_Grocery_Robot/install/robot_interfaces/lib/librobot_interfaces__rosidl_generator_c.so
[1.100s] -- Up-to-date: /home/grocerybot/Desktop/EC463_Team_21_Grocery_Robot/install/robot_interfaces/include/robot_interfaces/robot_interfaces
[1.100s] -- Up-to-date: /home/grocerybot/Desktop/EC463_Team_21_Grocery_Robot/install/robot_interfaces/include/robot_interfaces/robot_interfaces/srv
[1.101s] -- Up-to-date: /home/grocerybot/Desktop/EC463_Team_21_Grocery_Robot/install/robot_interfaces/include/robot_interfaces/robot_interfaces/srv/detail
[1.101s] -- Up-to-date: /home/grocerybot/Desktop/EC463_Team_21_Grocery_Robot/install/robot_interfaces/include/robot_interfaces/robot_interfaces/srv/detail/new_order__rosidl_typesupport_fastrtps_c.h
[1.101s] -- Up-to-date: /home/grocerybot/Desktop/EC463_Team_21_Grocery_Robot/install/robot_interfaces/include/robot_interfaces/robot_interfaces/msg
[1.101s] -- Up-to-date: /home/grocerybot/Desktop/EC463_Team_21_Grocery_Robot/install/robot_interfaces/include/robot_interfaces/robot_interfaces/msg/detail
[1.102s] -- Up-to-date: /home/grocerybot/Desktop/EC463_Team_21_Grocery_Robot/install/robot_interfaces/include/robot_interfaces/robot_interfaces/msg/detail/order_item__rosidl_typesupport_fastrtps_c.h
[1.102s] -- Up-to-date: /home/grocerybot/Desktop/EC463_Team_21_Grocery_Robot/install/robot_interfaces/include/robot_interfaces/robot_interfaces/msg/detail/order__rosidl_typesupport_fastrtps_c.h
[1.102s] -- Up-to-date: /home/grocerybot/Desktop/EC463_Team_21_Grocery_Robot/install/robot_interfaces/include/robot_interfaces/robot_interfaces/msg/rosidl_typesupport_fastrtps_c__visibility_control.h
[1.102s] -- Up-to-date: /home/grocerybot/Desktop/EC463_Team_21_Grocery_Robot/install/robot_interfaces/lib/librobot_interfaces__rosidl_typesupport_fastrtps_c.so
[1.102s] -- Up-to-date: /home/grocerybot/Desktop/EC463_Team_21_Grocery_Robot/install/robot_interfaces/include/robot_interfaces/robot_interfaces
[1.102s] -- Up-to-date: /home/grocerybot/Desktop/EC463_Team_21_Grocery_Robot/install/robot_interfaces/include/robot_interfaces/robot_interfaces/srv
[1.103s] -- Up-to-date: /home/grocerybot/Desktop/EC463_Team_21_Grocery_Robot/install/robot_interfaces/include/robot_interfaces/robot_interfaces/srv/detail
[1.103s] -- Up-to-date: /home/grocerybot/Desktop/EC463_Team_21_Grocery_Robot/install/robot_interfaces/include/robot_interfaces/robot_interfaces/srv/detail/new_order__type_support.c
[1.103s] -- Up-to-date: /home/grocerybot/Desktop/EC463_Team_21_Grocery_Robot/install/robot_interfaces/include/robot_interfaces/robot_interfaces/srv/detail/new_order__rosidl_typesupport_introspection_c.h
[1.103s] -- Up-to-date: /home/grocerybot/Desktop/EC463_Team_21_Grocery_Robot/install/robot_interfaces/include/robot_interfaces/robot_interfaces/msg
[1.103s] -- Up-to-date: /home/grocerybot/Desktop/EC463_Team_21_Grocery_Robot/install/robot_interfaces/include/robot_interfaces/robot_interfaces/msg/detail
[1.104s] -- Up-to-date: /home/grocerybot/Desktop/EC463_Team_21_Grocery_Robot/install/robot_interfaces/include/robot_interfaces/robot_interfaces/msg/detail/order__type_support.c
[1.104s] -- Up-to-date: /home/grocerybot/Desktop/EC463_Team_21_Grocery_Robot/install/robot_interfaces/include/robot_interfaces/robot_interfaces/msg/detail/order_item__type_support.c
[1.104s] -- Up-to-date: /home/grocerybot/Desktop/EC463_Team_21_Grocery_Robot/install/robot_interfaces/include/robot_interfaces/robot_interfaces/msg/detail/order_item__rosidl_typesupport_introspection_c.h
[1.104s] -- Up-to-date: /home/grocerybot/Desktop/EC463_Team_21_Grocery_Robot/install/robot_interfaces/include/robot_interfaces/robot_interfaces/msg/detail/order__rosidl_typesupport_introspection_c.h
[1.104s] -- Up-to-date: /home/grocerybot/Desktop/EC463_Team_21_Grocery_Robot/install/robot_interfaces/include/robot_interfaces/robot_interfaces/msg/rosidl_typesupport_introspection_c__visibility_control.h
[1.104s] -- Up-to-date: /home/grocerybot/Desktop/EC463_Team_21_Grocery_Robot/install/robot_interfaces/lib/librobot_interfaces__rosidl_typesupport_introspection_c.so
[1.105s] -- Up-to-date: /home/grocerybot/Desktop/EC463_Team_21_Grocery_Robot/install/robot_interfaces/lib/librobot_interfaces__rosidl_typesupport_c.so
[1.105s] -- Up-to-date: /home/grocerybot/Desktop/EC463_Team_21_Grocery_Robot/install/robot_interfaces/include/robot_interfaces/robot_interfaces
[1.105s] -- Up-to-date: /home/grocerybot/Desktop/EC463_Team_21_Grocery_Robot/install/robot_interfaces/include/robot_interfaces/robot_interfaces/srv
[1.105s] -- Up-to-date: /home/grocerybot/Desktop/EC463_Team_21_Grocery_Robot/install/robot_interfaces/include/robot_interfaces/robot_interfaces/srv/detail
[1.105s] -- Up-to-date: /home/grocerybot/Desktop/EC463_Team_21_Grocery_Robot/install/robot_interfaces/include/robot_interfaces/robot_interfaces/srv/detail/new_order__type_support.hpp
[1.105s] -- Up-to-date: /home/grocerybot/Desktop/EC463_Team_21_Grocery_Robot/install/robot_interfaces/include/robot_interfaces/robot_interfaces/srv/detail/new_order__builder.hpp
[1.105s] -- Up-to-date: /home/grocerybot/Desktop/EC463_Team_21_Grocery_Robot/install/robot_interfaces/include/robot_interfaces/robot_interfaces/srv/detail/new_order__traits.hpp
[1.106s] -- Up-to-date: /home/grocerybot/Desktop/EC463_Team_21_Grocery_Robot/install/robot_interfaces/include/robot_interfaces/robot_interfaces/srv/detail/new_order__struct.hpp
[1.106s] -- Up-to-date: /home/grocerybot/Desktop/EC463_Team_21_Grocery_Robot/install/robot_interfaces/include/robot_interfaces/robot_interfaces/srv/new_order.hpp
[1.106s] -- Up-to-date: /home/grocerybot/Desktop/EC463_Team_21_Grocery_Robot/install/robot_interfaces/include/robot_interfaces/robot_interfaces/msg
[1.106s] -- Up-to-date: /home/grocerybot/Desktop/EC463_Team_21_Grocery_Robot/install/robot_interfaces/include/robot_interfaces/robot_interfaces/msg/order.hpp
[1.106s] -- Up-to-date: /home/grocerybot/Desktop/EC463_Team_21_Grocery_Robot/install/robot_interfaces/include/robot_interfaces/robot_interfaces/msg/order_item.hpp
[1.106s] -- Up-to-date: /home/grocerybot/Desktop/EC463_Team_21_Grocery_Robot/install/robot_interfaces/include/robot_interfaces/robot_interfaces/msg/detail
[1.107s] -- Up-to-date: /home/grocerybot/Desktop/EC463_Team_21_Grocery_Robot/install/robot_interfaces/include/robot_interfaces/robot_interfaces/msg/detail/order__struct.hpp
[1.107s] -- Up-to-date: /home/grocerybot/Desktop/EC463_Team_21_Grocery_Robot/install/robot_interfaces/include/robot_interfaces/robot_interfaces/msg/detail/order__builder.hpp
[1.107s] -- Up-to-date: /home/grocerybot/Desktop/EC463_Team_21_Grocery_Robot/install/robot_interfaces/include/robot_interfaces/robot_interfaces/msg/detail/order__type_support.hpp
[1.108s] -- Up-to-date: /home/grocerybot/Desktop/EC463_Team_21_Grocery_Robot/install/robot_interfaces/include/robot_interfaces/robot_interfaces/msg/detail/order_item__traits.hpp
[1.108s] -- Up-to-date: /home/grocerybot/Desktop/EC463_Team_21_Grocery_Robot/install/robot_interfaces/include/robot_interfaces/robot_interfaces/msg/detail/order_item__type_support.hpp
[1.108s] -- Up-to-date: /home/grocerybot/Desktop/EC463_Team_21_Grocery_Robot/install/robot_interfaces/include/robot_interfaces/robot_interfaces/msg/detail/order_item__struct.hpp
[1.108s] -- Up-to-date: /home/grocerybot/Desktop/EC463_Team_21_Grocery_Robot/install/robot_interfaces/include/robot_interfaces/robot_interfaces/msg/detail/order__traits.hpp
[1.108s] -- Up-to-date: /home/grocerybot/Desktop/EC463_Team_21_Grocery_Robot/install/robot_interfaces/include/robot_interfaces/robot_interfaces/msg/detail/order_item__builder.hpp
[1.108s] -- Up-to-date: /home/grocerybot/Desktop/EC463_Team_21_Grocery_Robot/install/robot_interfaces/include/robot_interfaces/robot_interfaces/msg/rosidl_generator_cpp__visibility_control.hpp
[1.108s] -- Up-to-date: /home/grocerybot/Desktop/EC463_Team_21_Grocery_Robot/install/robot_interfaces/include/robot_interfaces/robot_interfaces
[1.108s] -- Up-to-date: /home/grocerybot/Desktop/EC463_Team_21_Grocery_Robot/install/robot_interfaces/include/robot_interfaces/robot_interfaces/srv
[1.109s] -- Up-to-date: /home/grocerybot/Desktop/EC463_Team_21_Grocery_Robot/install/robot_interfaces/include/robot_interfaces/robot_interfaces/srv/detail
[1.109s] -- Up-to-date: /home/grocerybot/Desktop/EC463_Team_21_Grocery_Robot/install/robot_interfaces/include/robot_interfaces/robot_interfaces/srv/detail/dds_fastrtps
[1.109s] -- Up-to-date: /home/grocerybot/Desktop/EC463_Team_21_Grocery_Robot/install/robot_interfaces/include/robot_interfaces/robot_interfaces/srv/detail/new_order__rosidl_typesupport_fastrtps_cpp.hpp
[1.109s] -- Up-to-date: /home/grocerybot/Desktop/EC463_Team_21_Grocery_Robot/install/robot_interfaces/include/robot_interfaces/robot_interfaces/msg
[1.109s] -- Up-to-date: /home/grocerybot/Desktop/EC463_Team_21_Grocery_Robot/install/robot_interfaces/include/robot_interfaces/robot_interfaces/msg/detail
[1.109s] -- Up-to-date: /home/grocerybot/Desktop/EC463_Team_21_Grocery_Robot/install/robot_interfaces/include/robot_interfaces/robot_interfaces/msg/detail/order__rosidl_typesupport_fastrtps_cpp.hpp
[1.109s] -- Up-to-date: /home/grocerybot/Desktop/EC463_Team_21_Grocery_Robot/install/robot_interfaces/include/robot_interfaces/robot_interfaces/msg/detail/dds_fastrtps
[1.109s] -- Up-to-date: /home/grocerybot/Desktop/EC463_Team_21_Grocery_Robot/install/robot_interfaces/include/robot_interfaces/robot_interfaces/msg/detail/order_item__rosidl_typesupport_fastrtps_cpp.hpp
[1.110s] -- Up-to-date: /home/grocerybot/Desktop/EC463_Team_21_Grocery_Robot/install/robot_interfaces/include/robot_interfaces/robot_interfaces/msg/rosidl_typesupport_fastrtps_cpp__visibility_control.h
[1.110s] -- Up-to-date: /home/grocerybot/Desktop/EC463_Team_21_Grocery_Robot/install/robot_interfaces/lib/librobot_interfaces__rosidl_typesupport_fastrtps_cpp.so
[1.110s] -- Up-to-date: /home/grocerybot/Desktop/EC463_Team_21_Grocery_Robot/install/robot_interfaces/include/robot_interfaces/robot_interfaces
[1.110s] -- Up-to-date: /home/grocerybot/Desktop/EC463_Team_21_Grocery_Robot/install/robot_interfaces/include/robot_interfaces/robot_interfaces/srv
[1.110s] -- Up-to-date: /home/grocerybot/Desktop/EC463_Team_21_Grocery_Robot/install/robot_interfaces/include/robot_interfaces/robot_interfaces/srv/detail
[1.110s] -- Up-to-date: /home/grocerybot/Desktop/EC463_Team_21_Grocery_Robot/install/robot_interfaces/include/robot_interfaces/robot_interfaces/srv/detail/new_order__type_support.cpp
[1.110s] -- Up-to-date: /home/grocerybot/Desktop/EC463_Team_21_Grocery_Robot/install/robot_interfaces/include/robot_interfaces/robot_interfaces/srv/detail/new_order__rosidl_typesupport_introspection_cpp.hpp
[1.111s] -- Up-to-date: /home/grocerybot/Desktop/EC463_Team_21_Grocery_Robot/install/robot_interfaces/include/robot_interfaces/robot_interfaces/msg
[1.111s] -- Up-to-date: /home/grocerybot/Desktop/EC463_Team_21_Grocery_Robot/install/robot_interfaces/include/robot_interfaces/robot_interfaces/msg/detail
[1.111s] -- Up-to-date: /home/grocerybot/Desktop/EC463_Team_21_Grocery_Robot/install/robot_interfaces/include/robot_interfaces/robot_interfaces/msg/detail/order__type_support.cpp
[1.111s] -- Up-to-date: /home/grocerybot/Desktop/EC463_Team_21_Grocery_Robot/install/robot_interfaces/include/robot_interfaces/robot_interfaces/msg/detail/order_item__type_support.cpp
[1.111s] -- Up-to-date: /home/grocerybot/Desktop/EC463_Team_21_Grocery_Robot/install/robot_interfaces/include/robot_interfaces/robot_interfaces/msg/detail/order_item__rosidl_typesupport_introspection_cpp.hpp
[1.111s] -- Up-to-date: /home/grocerybot/Desktop/EC463_Team_21_Grocery_Robot/install/robot_interfaces/include/robot_interfaces/robot_interfaces/msg/detail/order__rosidl_typesupport_introspection_cpp.hpp
[1.111s] -- Up-to-date: /home/grocerybot/Desktop/EC463_Team_21_Grocery_Robot/install/robot_interfaces/lib/librobot_interfaces__rosidl_typesupport_introspection_cpp.so
[1.112s] -- Up-to-date: /home/grocerybot/Desktop/EC463_Team_21_Grocery_Robot/install/robot_interfaces/lib/librobot_interfaces__rosidl_typesupport_cpp.so
[1.112s] -- Up-to-date: /home/grocerybot/Desktop/EC463_Team_21_Grocery_Robot/install/robot_interfaces/share/robot_interfaces/environment/pythonpath.sh
[1.112s] -- Up-to-date: /home/grocerybot/Desktop/EC463_Team_21_Grocery_Robot/install/robot_interfaces/share/robot_interfaces/environment/pythonpath.dsv
[1.112s] -- Up-to-date: /home/grocerybot/Desktop/EC463_Team_21_Grocery_Robot/install/robot_interfaces/local/lib/python3.10/dist-packages/robot_interfaces-2.0.0-py3.10.egg-info
[1.112s] -- Installing: /home/grocerybot/Desktop/EC463_Team_21_Grocery_Robot/install/robot_interfaces/local/lib/python3.10/dist-packages/robot_interfaces-2.0.0-py3.10.egg-info/top_level.txt
[1.112s] -- Installing: /home/grocerybot/Desktop/EC463_Team_21_Grocery_Robot/install/robot_interfaces/local/lib/python3.10/dist-packages/robot_interfaces-2.0.0-py3.10.egg-info/dependency_links.txt
[1.112s] -- Installing: /home/grocerybot/Desktop/EC463_Team_21_Grocery_Robot/install/robot_interfaces/local/lib/python3.10/dist-packages/robot_interfaces-2.0.0-py3.10.egg-info/PKG-INFO
[1.113s] -- Installing: /home/grocerybot/Desktop/EC463_Team_21_Grocery_Robot/install/robot_interfaces/local/lib/python3.10/dist-packages/robot_interfaces-2.0.0-py3.10.egg-info/SOURCES.txt
[1.113s] -- Up-to-date: /home/grocerybot/Desktop/EC463_Team_21_Grocery_Robot/install/robot_interfaces/local/lib/python3.10/dist-packages/robot_interfaces
[1.113s] -- Up-to-date: /home/grocerybot/Desktop/EC463_Team_21_Grocery_Robot/install/robot_interfaces/local/lib/python3.10/dist-packages/robot_interfaces/robot_interfaces_s__rosidl_typesupport_fastrtps_c.cpython-310-aarch64-linux-gnu.so
[1.113s] -- Up-to-date: /home/grocerybot/Desktop/EC463_Team_21_Grocery_Robot/install/robot_interfaces/local/lib/python3.10/dist-packages/robot_interfaces/srv
[1.113s] -- Up-to-date: /home/grocerybot/Desktop/EC463_Team_21_Grocery_Robot/install/robot_interfaces/local/lib/python3.10/dist-packages/robot_interfaces/srv/_new_order_s.c
[1.113s] -- Up-to-date: /home/grocerybot/Desktop/EC463_Team_21_Grocery_Robot/install/robot_interfaces/local/lib/python3.10/dist-packages/robot_interfaces/srv/_new_order.py
[1.113s] -- Up-to-date: /home/grocerybot/Desktop/EC463_Team_21_Grocery_Robot/install/robot_interfaces/local/lib/python3.10/dist-packages/robot_interfaces/srv/__init__.py
[1.113s] -- Up-to-date: /home/grocerybot/Desktop/EC463_Team_21_Grocery_Robot/install/robot_interfaces/local/lib/python3.10/dist-packages/robot_interfaces/_robot_interfaces_s.ep.rosidl_typesupport_c.c
[1.114s] -- Up-to-date: /home/grocerybot/Desktop/EC463_Team_21_Grocery_Robot/install/robot_interfaces/local/lib/python3.10/dist-packages/robot_interfaces/_robot_interfaces_s.ep.rosidl_typesupport_fastrtps_c.c
[1.114s] -- Up-to-date: /home/grocerybot/Desktop/EC463_Team_21_Grocery_Robot/install/robot_interfaces/local/lib/python3.10/dist-packages/robot_interfaces/librobot_interfaces__rosidl_generator_py.so
[1.114s] -- Up-to-date: /home/grocerybot/Desktop/EC463_Team_21_Grocery_Robot/install/robot_interfaces/local/lib/python3.10/dist-packages/robot_interfaces/_robot_interfaces_s.ep.rosidl_typesupport_introspection_c.c
[1.114s] -- Up-to-date: /home/grocerybot/Desktop/EC463_Team_21_Grocery_Robot/install/robot_interfaces/local/lib/python3.10/dist-packages/robot_interfaces/robot_interfaces_s__rosidl_typesupport_c.cpython-310-aarch64-linux-gnu.so
[1.114s] -- Up-to-date: /home/grocerybot/Desktop/EC463_Team_21_Grocery_Robot/install/robot_interfaces/local/lib/python3.10/dist-packages/robot_interfaces/__init__.py
[1.114s] -- Up-to-date: /home/grocerybot/Desktop/EC463_Team_21_Grocery_Robot/install/robot_interfaces/local/lib/python3.10/dist-packages/robot_interfaces/msg
[1.114s] -- Up-to-date: /home/grocerybot/Desktop/EC463_Team_21_Grocery_Robot/install/robot_interfaces/local/lib/python3.10/dist-packages/robot_interfaces/msg/_order_s.c
[1.115s] -- Up-to-date: /home/grocerybot/Desktop/EC463_Team_21_Grocery_Robot/install/robot_interfaces/local/lib/python3.10/dist-packages/robot_interfaces/msg/_order_item_s.c
[1.115s] -- Up-to-date: /home/grocerybot/Desktop/EC463_Team_21_Grocery_Robot/install/robot_interfaces/local/lib/python3.10/dist-packages/robot_interfaces/msg/_order.py
[1.115s] -- Up-to-date: /home/grocerybot/Desktop/EC463_Team_21_Grocery_Robot/install/robot_interfaces/local/lib/python3.10/dist-packages/robot_interfaces/msg/__init__.py
[1.115s] -- Up-to-date: /home/grocerybot/Desktop/EC463_Team_21_Grocery_Robot/install/robot_interfaces/local/lib/python3.10/dist-packages/robot_interfaces/msg/_order_item.py
[1.115s] -- Up-to-date: /home/grocerybot/Desktop/EC463_Team_21_Grocery_Robot/install/robot_interfaces/local/lib/python3.10/dist-packages/robot_interfaces/robot_interfaces_s__rosidl_typesupport_introspection_c.cpython-310-aarch64-linux-gnu.so
[1.186s] Listing '/home/grocerybot/Desktop/EC463_Team_21_Grocery_Robot/install/robot_interfaces/local/lib/python3.10/dist-packages/robot_interfaces'...
[1.186s] Listing '/home/grocerybot/Desktop/EC463_Team_21_Grocery_Robot/install/robot_interfaces/local/lib/python3.10/dist-packages/robot_interfaces/msg'...
[1.187s] Listing '/home/grocerybot/Desktop/EC463_Team_21_Grocery_Robot/install/robot_interfaces/local/lib/python3.10/dist-packages/robot_interfaces/srv'...
[1.202s] -- Up-to-date: /home/grocerybot/Desktop/EC463_Team_21_Grocery_Robot/install/robot_interfaces/local/lib/python3.10/dist-packages/robot_interfaces/robot_interfaces_s__rosidl_typesupport_fastrtps_c.cpython-310-aarch64-linux-gnu.so
[1.203s] -- Up-to-date: /home/grocerybot/Desktop/EC463_Team_21_Grocery_Robot/install/robot_interfaces/local/lib/python3.10/dist-packages/robot_interfaces/robot_interfaces_s__rosidl_typesupport_introspection_c.cpython-310-aarch64-linux-gnu.so
[1.203s] -- Up-to-date: /home/grocerybot/Desktop/EC463_Team_21_Grocery_Robot/install/robot_interfaces/local/lib/python3.10/dist-packages/robot_interfaces/robot_interfaces_s__rosidl_typesupport_c.cpython-310-aarch64-linux-gnu.so
[1.204s] -- Up-to-date: /home/grocerybot/Desktop/EC463_Team_21_Grocery_Robot/install/robot_interfaces/lib/librobot_interfaces__rosidl_generator_py.so
[1.204s] -- Up-to-date: /home/grocerybot/Desktop/EC463_Team_21_Grocery_Robot/install/robot_interfaces/share/robot_interfaces/srv/NewOrder.idl
[1.205s] -- Up-to-date: /home/grocerybot/Desktop/EC463_Team_21_Grocery_Robot/install/robot_interfaces/share/robot_interfaces/msg/Order.idl
[1.205s] -- Up-to-date: /home/grocerybot/Desktop/EC463_Team_21_Grocery_Robot/install/robot_interfaces/share/robot_interfaces/msg/OrderItem.idl
[1.205s] -- Up-to-date: /home/grocerybot/Desktop/EC463_Team_21_Grocery_Robot/install/robot_interfaces/share/robot_interfaces/srv/NewOrder.srv
[1.205s] -- Up-to-date: /home/grocerybot/Desktop/EC463_Team_21_Grocery_Robot/install/robot_interfaces/share/robot_interfaces/srv/NewOrder_Request.msg
[1.205s] -- Up-to-date: /home/grocerybot/Desktop/EC463_Team_21_Grocery_Robot/install/robot_interfaces/share/robot_interfaces/srv/NewOrder_Response.msg
[1.206s] -- Up-to-date: /home/grocerybot/Desktop/EC463_Team_21_Grocery_Robot/install/robot_interfaces/share/robot_interfaces/msg/Order.msg
[1.206s] -- Up-to-date: /home/grocerybot/Desktop/EC463_Team_21_Grocery_Robot/install/robot_interfaces/share/robot_interfaces/msg/OrderItem.msg
[1.206s] -- Up-to-date: /home/grocerybot/Desktop/EC463_Team_21_Grocery_Robot/install/robot_interfaces/share/ament_index/resource_index/package_run_dependencies/robot_interfaces
[1.206s] -- Up-to-date: /home/grocerybot/Desktop/EC463_Team_21_Grocery_Robot/install/robot_interfaces/share/ament_index/resource_index/parent_prefix_path/robot_interfaces
[1.207s] -- Up-to-date: /home/grocerybot/Desktop/EC463_Team_21_Grocery_Robot/install/robot_interfaces/share/robot_interfaces/environment/ament_prefix_path.sh
[1.207s] -- Up-to-date: /home/grocerybot/Desktop/EC463_Team_21_Grocery_Robot/install/robot_interfaces/share/robot_interfaces/environment/ament_prefix_path.dsv
[1.207s] -- Up-to-date: /home/grocerybot/Desktop/EC463_Team_21_Grocery_Robot/install/robot_interfaces/share/robot_interfaces/environment/path.sh
[1.207s] -- Up-to-date: /home/grocerybot/Desktop/EC463_Team_21_Grocery_Robot/install/robot_interfaces/share/robot_interfaces/environment/path.dsv
[1.207s] -- Up-to-date: /home/grocerybot/Desktop/EC463_Team_21_Grocery_Robot/install/robot_interfaces/share/robot_interfaces/local_setup.bash
[1.207s] -- Up-to-date: /home/grocerybot/Desktop/EC463_Team_21_Grocery_Robot/install/robot_interfaces/share/robot_interfaces/local_setup.sh
[1.208s] -- Up-to-date: /home/grocerybot/Desktop/EC463_Team_21_Grocery_Robot/install/robot_interfaces/share/robot_interfaces/local_setup.zsh
[1.208s] -- Up-to-date: /home/grocerybot/Desktop/EC463_Team_21_Grocery_Robot/install/robot_interfaces/share/robot_interfaces/local_setup.dsv
[1.208s] -- Installing: /home/grocerybot/Desktop/EC463_Team_21_Grocery_Robot/install/robot_interfaces/share/robot_interfaces/package.dsv
[1.208s] -- Up-to-date: /home/grocerybot/Desktop/EC463_Team_21_Grocery_Robot/install/robot_interfaces/share/ament_index/resource_index/packages/robot_interfaces
[1.208s] -- Up-to-date: /home/grocerybot/Desktop/EC463_Team_21_Grocery_Robot/install/robot_interfaces/share/robot_interfaces/cmake/export_robot_interfaces__rosidl_generator_cExport.cmake
[1.209s] -- Up-to-date: /home/grocerybot/Desktop/EC463_Team_21_Grocery_Robot/install/robot_interfaces/share/robot_interfaces/cmake/export_robot_interfaces__rosidl_generator_cExport-noconfig.cmake
[1.209s] -- Up-to-date: /home/grocerybot/Desktop/EC463_Team_21_Grocery_Robot/install/robot_interfaces/share/robot_interfaces/cmake/export_robot_interfaces__rosidl_typesupport_fastrtps_cExport.cmake
[1.209s] -- Up-to-date: /home/grocerybot/Desktop/EC463_Team_21_Grocery_Robot/install/robot_interfaces/share/robot_interfaces/cmake/export_robot_interfaces__rosidl_typesupport_fastrtps_cExport-noconfig.cmake
[1.209s] -- Up-to-date: /home/grocerybot/Desktop/EC463_Team_21_Grocery_Robot/install/robot_interfaces/share/robot_interfaces/cmake/robot_interfaces__rosidl_typesupport_introspection_cExport.cmake
[1.209s] -- Up-to-date: /home/grocerybot/Desktop/EC463_Team_21_Grocery_Robot/install/robot_interfaces/share/robot_interfaces/cmake/robot_interfaces__rosidl_typesupport_introspection_cExport-noconfig.cmake
[1.209s] -- Up-to-date: /home/grocerybot/Desktop/EC463_Team_21_Grocery_Robot/install/robot_interfaces/share/robot_interfaces/cmake/robot_interfaces__rosidl_typesupport_cExport.cmake
[1.210s] -- Up-to-date: /home/grocerybot/Desktop/EC463_Team_21_Grocery_Robot/install/robot_interfaces/share/robot_interfaces/cmake/robot_interfaces__rosidl_typesupport_cExport-noconfig.cmake
[1.210s] -- Up-to-date: /home/grocerybot/Desktop/EC463_Team_21_Grocery_Robot/install/robot_interfaces/share/robot_interfaces/cmake/export_robot_interfaces__rosidl_generator_cppExport.cmake
[1.210s] -- Up-to-date: /home/grocerybot/Desktop/EC463_Team_21_Grocery_Robot/install/robot_interfaces/share/robot_interfaces/cmake/export_robot_interfaces__rosidl_typesupport_fastrtps_cppExport.cmake
[1.210s] -- Up-to-date: /home/grocerybot/Desktop/EC463_Team_21_Grocery_Robot/install/robot_interfaces/share/robot_interfaces/cmake/export_robot_interfaces__rosidl_typesupport_fastrtps_cppExport-noconfig.cmake
[1.211s] -- Up-to-date: /home/grocerybot/Desktop/EC463_Team_21_Grocery_Robot/install/robot_interfaces/share/robot_interfaces/cmake/robot_interfaces__rosidl_typesupport_introspection_cppExport.cmake
[1.211s] -- Up-to-date: /home/grocerybot/Desktop/EC463_Team_21_Grocery_Robot/install/robot_interfaces/share/robot_interfaces/cmake/robot_interfaces__rosidl_typesupport_introspection_cppExport-noconfig.cmake
[1.211s] -- Up-to-date: /home/grocerybot/Desktop/EC463_Team_21_Grocery_Robot/install/robot_interfaces/share/robot_interfaces/cmake/robot_interfaces__rosidl_typesupport_cppExport.cmake
[1.211s] -- Up-to-date: /home/grocerybot/Desktop/EC463_Team_21_Grocery_Robot/install/robot_interfaces/share/robot_interfaces/cmake/robot_interfaces__rosidl_typesupport_cppExport-noconfig.cmake
[1.211s] -- Up-to-date: /home/grocerybot/Desktop/EC463_Team_21_Grocery_Robot/install/robot_interfaces/share/robot_interfaces/cmake/export_robot_interfaces__rosidl_generator_pyExport.cmake
[1.212s] -- Up-to-date: /home/grocerybot/Desktop/EC463_Team_21_Grocery_Robot/install/robot_interfaces/share/robot_interfaces/cmake/export_robot_interfaces__rosidl_generator_pyExport-noconfig.cmake
[1.212s] -- Up-to-date: /home/grocerybot/Desktop/EC463_Team_21_Grocery_Robot/install/robot_interfaces/share/robot_interfaces/cmake/rosidl_cmake-extras.cmake
[1.212s] -- Up-to-date: /home/grocerybot/Desktop/EC463_Team_21_Grocery_Robot/install/robot_interfaces/share/robot_interfaces/cmake/ament_cmake_export_dependencies-extras.cmake
[1.212s] -- Up-to-date: /home/grocerybot/Desktop/EC463_Team_21_Grocery_Robot/install/robot_interfaces/share/robot_interfaces/cmake/ament_cmake_export_include_directories-extras.cmake
[1.212s] -- Up-to-date: /home/grocerybot/Desktop/EC463_Team_21_Grocery_Robot/install/robot_interfaces/share/robot_interfaces/cmake/ament_cmake_export_libraries-extras.cmake
[1.212s] -- Up-to-date: /home/grocerybot/Desktop/EC463_Team_21_Grocery_Robot/install/robot_interfaces/share/robot_interfaces/cmake/ament_cmake_export_targets-extras.cmake
[1.213s] -- Up-to-date: /home/grocerybot/Desktop/EC463_Team_21_Grocery_Robot/install/robot_interfaces/share/robot_interfaces/cmake/rosidl_cmake_export_typesupport_targets-extras.cmake
[1.213s] -- Up-to-date: /home/grocerybot/Desktop/EC463_Team_21_Grocery_Robot/install/robot_interfaces/share/robot_interfaces/cmake/rosidl_cmake_export_typesupport_libraries-extras.cmake
[1.213s] -- Up-to-date: /home/grocerybot/Desktop/EC463_Team_21_Grocery_Robot/install/robot_interfaces/share/robot_interfaces/cmake/robot_interfacesConfig.cmake
[1.213s] -- Up-to-date: /home/grocerybot/Desktop/EC463_Team_21_Grocery_Robot/install/robot_interfaces/share/robot_interfaces/cmake/robot_interfacesConfig-version.cmake
[1.213s] -- Up-to-date: /home/grocerybot/Desktop/EC463_Team_21_Grocery_Robot/install/robot_interfaces/share/robot_interfaces/package.xml
[1.222s] Invoked command in '/home/grocerybot/Desktop/EC463_Team_21_Grocery_Robot/build/robot_interfaces' returned '0': CMAKE_PREFIX_PATH=${CMAKE_PREFIX_PATH}:/home/grocerybot/Desktop/EC463_Team_21_Grocery_Robot/install/robot_task_manager:/opt/ros/humble /usr/bin/cmake --install /home/grocerybot/Desktop/EC463_Team_21_Grocery_Robot/build/robot_interfaces
