running egg_info
writing ../../../build/robot_task_manager/robot_task_manager.egg-info/PKG-INFO
writing dependency_links to ../../../build/robot_task_manager/robot_task_manager.egg-info/dependency_links.txt
writing entry points to ../../../build/robot_task_manager/robot_task_manager.egg-info/entry_points.txt
writing requirements to ../../../build/robot_task_manager/robot_task_manager.egg-info/requires.txt
writing top-level names to ../../../build/robot_task_manager/robot_task_manager.egg-info/top_level.txt
reading manifest file '../../../build/robot_task_manager/robot_task_manager.egg-info/SOURCES.txt'
adding license file 'LICENSE'
writing manifest file '../../../build/robot_task_manager/robot_task_manager.egg-info/SOURCES.txt'
running build
running build_py
copying robot_task_manager/customer.py -> /home/grocerybot/Desktop/EC463_Team_21_Grocery_Robot/build/robot_task_manager/build/lib/robot_task_manager
copying robot_task_manager/bt_executor.py -> /home/grocerybot/Desktop/EC463_Team_21_Grocery_Robot/build/robot_task_manager/build/lib/robot_task_manager
copying robot_task_manager/restock.py -> /home/grocerybot/Desktop/EC463_Team_21_Grocery_Robot/build/robot_task_manager/build/lib/robot_task_manager
running install
running install_lib
copying /home/grocerybot/Desktop/EC463_Team_21_Grocery_Robot/build/robot_task_manager/build/lib/robot_task_manager/customer.py -> /home/grocerybot/Desktop/EC463_Team_21_Grocery_Robot/install/robot_task_manager/lib/python3.10/site-packages/robot_task_manager
copying /home/grocerybot/Desktop/EC463_Team_21_Grocery_Robot/build/robot_task_manager/build/lib/robot_task_manager/bt_executor.py -> /home/grocerybot/Desktop/EC463_Team_21_Grocery_Robot/install/robot_task_manager/lib/python3.10/site-packages/robot_task_manager
copying /home/grocerybot/Desktop/EC463_Team_21_Grocery_Robot/build/robot_task_manager/build/lib/robot_task_manager/restock.py -> /home/grocerybot/Desktop/EC463_Team_21_Grocery_Robot/install/robot_task_manager/lib/python3.10/site-packages/robot_task_manager
byte-compiling /home/grocerybot/Desktop/EC463_Team_21_Grocery_Robot/install/robot_task_manager/lib/python3.10/site-packages/robot_task_manager/customer.py to customer.cpython-310.pyc
byte-compiling /home/grocerybot/Desktop/EC463_Team_21_Grocery_Robot/install/robot_task_manager/lib/python3.10/site-packages/robot_task_manager/bt_executor.py to bt_executor.cpython-310.pyc
byte-compiling /home/grocerybot/Desktop/EC463_Team_21_Grocery_Robot/install/robot_task_manager/lib/python3.10/site-packages/robot_task_manager/restock.py to restock.cpython-310.pyc
running install_data
running install_egg_info
removing '/home/grocerybot/Desktop/EC463_Team_21_Grocery_Robot/install/robot_task_manager/lib/python3.10/site-packages/robot_task_manager-1.0.0-py3.10.egg-info' (and everything under it)
Copying ../../../build/robot_task_manager/robot_task_manager.egg-info to /home/grocerybot/Desktop/EC463_Team_21_Grocery_Robot/install/robot_task_manager/lib/python3.10/site-packages/robot_task_manager-1.0.0-py3.10.egg-info
running install_scripts
Installing bt_executor script to /home/grocerybot/Desktop/EC463_Team_21_Grocery_Robot/install/robot_task_manager/lib/robot_task_manager
writing list of installed files to '/home/grocerybot/Desktop/EC463_Team_21_Grocery_Robot/build/robot_task_manager/install.log'
