[1.832s] Invoking command in '/home/grocerybot/Desktop/EC463_Team_21_Grocery_Robot/workspace/src/robot_task_manager': PYTHONPATH=/home/grocerybot/Desktop/EC463_Team_21_Grocery_Robot/build/robot_task_manager/prefix_override:/usr/lib/python3/dist-packages/colcon_core/task/python/colcon_distutils_commands:/home/grocerybot/Desktop/EC463_Team_21_Grocery_Robot/install/robot_task_manager/lib/python3.10/site-packages:${PYTHONPATH} /usr/bin/python3 -W ignore:setup.py install is deprecated -W ignore:easy_install command is deprecated setup.py egg_info --egg-base ../../../build/robot_task_manager build --build-base /home/grocerybot/Desktop/EC463_Team_21_Grocery_Robot/build/robot_task_manager/build install --record /home/grocerybot/Desktop/EC463_Team_21_Grocery_Robot/build/robot_task_manager/install.log --single-version-externally-managed install_data
[2.478s] running egg_info
[2.479s] writing ../../../build/robot_task_manager/robot_task_manager.egg-info/PKG-INFO
[2.480s] writing dependency_links to ../../../build/robot_task_manager/robot_task_manager.egg-info/dependency_links.txt
[2.480s] writing entry points to ../../../build/robot_task_manager/robot_task_manager.egg-info/entry_points.txt
[2.481s] writing requirements to ../../../build/robot_task_manager/robot_task_manager.egg-info/requires.txt
[2.481s] writing top-level names to ../../../build/robot_task_manager/robot_task_manager.egg-info/top_level.txt
[2.485s] reading manifest file '../../../build/robot_task_manager/robot_task_manager.egg-info/SOURCES.txt'
[2.486s] adding license file 'LICENSE'
[2.488s] writing manifest file '../../../build/robot_task_manager/robot_task_manager.egg-info/SOURCES.txt'
[2.488s] running build
[2.488s] running build_py
[2.489s] copying robot_task_manager/customer.py -> /home/grocerybot/Desktop/EC463_Team_21_Grocery_Robot/build/robot_task_manager/build/lib/robot_task_manager
[2.489s] copying robot_task_manager/bt_executor.py -> /home/grocerybot/Desktop/EC463_Team_21_Grocery_Robot/build/robot_task_manager/build/lib/robot_task_manager
[2.489s] copying robot_task_manager/restock.py -> /home/grocerybot/Desktop/EC463_Team_21_Grocery_Robot/build/robot_task_manager/build/lib/robot_task_manager
[2.490s] running install
[2.491s] running install_lib
[2.493s] copying /home/grocerybot/Desktop/EC463_Team_21_Grocery_Robot/build/robot_task_manager/build/lib/robot_task_manager/customer.py -> /home/grocerybot/Desktop/EC463_Team_21_Grocery_Robot/install/robot_task_manager/lib/python3.10/site-packages/robot_task_manager
[2.493s] copying /home/grocerybot/Desktop/EC463_Team_21_Grocery_Robot/build/robot_task_manager/build/lib/robot_task_manager/bt_executor.py -> /home/grocerybot/Desktop/EC463_Team_21_Grocery_Robot/install/robot_task_manager/lib/python3.10/site-packages/robot_task_manager
[2.494s] copying /home/grocerybot/Desktop/EC463_Team_21_Grocery_Robot/build/robot_task_manager/build/lib/robot_task_manager/restock.py -> /home/grocerybot/Desktop/EC463_Team_21_Grocery_Robot/install/robot_task_manager/lib/python3.10/site-packages/robot_task_manager
[2.495s] byte-compiling /home/grocerybot/Desktop/EC463_Team_21_Grocery_Robot/install/robot_task_manager/lib/python3.10/site-packages/robot_task_manager/customer.py to customer.cpython-310.pyc
[2.496s] byte-compiling /home/grocerybot/Desktop/EC463_Team_21_Grocery_Robot/install/robot_task_manager/lib/python3.10/site-packages/robot_task_manager/bt_executor.py to bt_executor.cpython-310.pyc
[2.500s] byte-compiling /home/grocerybot/Desktop/EC463_Team_21_Grocery_Robot/install/robot_task_manager/lib/python3.10/site-packages/robot_task_manager/restock.py to restock.cpython-310.pyc
[2.501s] running install_data
[2.501s] running install_egg_info
[2.505s] removing '/home/grocerybot/Desktop/EC463_Team_21_Grocery_Robot/install/robot_task_manager/lib/python3.10/site-packages/robot_task_manager-1.0.0-py3.10.egg-info' (and everything under it)
[2.506s] Copying ../../../build/robot_task_manager/robot_task_manager.egg-info to /home/grocerybot/Desktop/EC463_Team_21_Grocery_Robot/install/robot_task_manager/lib/python3.10/site-packages/robot_task_manager-1.0.0-py3.10.egg-info
[2.509s] running install_scripts
[2.562s] Installing bt_executor script to /home/grocerybot/Desktop/EC463_Team_21_Grocery_Robot/install/robot_task_manager/lib/robot_task_manager
[2.563s] writing list of installed files to '/home/grocerybot/Desktop/EC463_Team_21_Grocery_Robot/build/robot_task_manager/install.log'
[2.672s] Invoked command in '/home/grocerybot/Desktop/EC463_Team_21_Grocery_Robot/workspace/src/robot_task_manager' returned '0': PYTHONPATH=/home/grocerybot/Desktop/EC463_Team_21_Grocery_Robot/build/robot_task_manager/prefix_override:/usr/lib/python3/dist-packages/colcon_core/task/python/colcon_distutils_commands:/home/grocerybot/Desktop/EC463_Team_21_Grocery_Robot/install/robot_task_manager/lib/python3.10/site-packages:${PYTHONPATH} /usr/bin/python3 -W ignore:setup.py install is deprecated -W ignore:easy_install command is deprecated setup.py egg_info --egg-base ../../../build/robot_task_manager build --build-base /home/grocerybot/Desktop/EC463_Team_21_Grocery_Robot/build/robot_task_manager/build install --record /home/grocerybot/Desktop/EC463_Team_21_Grocery_Robot/build/robot_task_manager/install.log --single-version-externally-managed install_data
