[2.003s] Invoking command in '/home/grocerybot/Desktop/EC463_Team_21_Grocery_Robot/workspace/src/robot_task_manager': AMENT_PREFIX_PATH=/home/grocerybot/Desktop/EC463_Team_21_Grocery_Robot/install/robot_interfaces:${AMENT_PREFIX_PATH} CMAKE_PREFIX_PATH=/home/grocerybot/Desktop/EC463_Team_21_Grocery_Robot/install/robot_interfaces LD_LIBRARY_PATH=/home/grocerybot/Desktop/EC463_Team_21_Grocery_Robot/install/robot_interfaces/lib:${LD_LIBRARY_PATH} PYTHONPATH=/home/grocerybot/Desktop/EC463_Team_21_Grocery_Robot/build/robot_task_manager/prefix_override:/usr/lib/python3/dist-packages/colcon_core/task/python/colcon_distutils_commands:/home/grocerybot/Desktop/EC463_Team_21_Grocery_Robot/install/robot_task_manager/lib/python3.10/site-packages:/home/grocerybot/Desktop/EC463_Team_21_Grocery_Robot/install/robot_interfaces/local/lib/python3.10/dist-packages:${PYTHONPATH} /usr/bin/python3 -W ignore:setup.py install is deprecated -W ignore:easy_install command is deprecated setup.py egg_info --egg-base ../../../build/robot_task_manager build --build-base /home/grocerybot/Desktop/EC463_Team_21_Grocery_Robot/build/robot_task_manager/build install --record /home/grocerybot/Desktop/EC463_Team_21_Grocery_Robot/build/robot_task_manager/install.log --single-version-externally-managed install_data
[2.640s] running egg_info
[2.640s] creating ../../../build/robot_task_manager/robot_task_manager.egg-info
[2.641s] writing ../../../build/robot_task_manager/robot_task_manager.egg-info/PKG-INFO
[2.642s] writing dependency_links to ../../../build/robot_task_manager/robot_task_manager.egg-info/dependency_links.txt
[2.642s] writing entry points to ../../../build/robot_task_manager/robot_task_manager.egg-info/entry_points.txt
[2.642s] writing requirements to ../../../build/robot_task_manager/robot_task_manager.egg-info/requires.txt
[2.643s] writing top-level names to ../../../build/robot_task_manager/robot_task_manager.egg-info/top_level.txt
[2.643s] writing manifest file '../../../build/robot_task_manager/robot_task_manager.egg-info/SOURCES.txt'
[2.647s] reading manifest file '../../../build/robot_task_manager/robot_task_manager.egg-info/SOURCES.txt'
[2.648s] adding license file 'LICENSE'
[2.649s] writing manifest file '../../../build/robot_task_manager/robot_task_manager.egg-info/SOURCES.txt'
[2.650s] running build
[2.650s] running build_py
[2.650s] creating /home/grocerybot/Desktop/EC463_Team_21_Grocery_Robot/build/robot_task_manager/build
[2.650s] creating /home/grocerybot/Desktop/EC463_Team_21_Grocery_Robot/build/robot_task_manager/build/lib
[2.651s] creating /home/grocerybot/Desktop/EC463_Team_21_Grocery_Robot/build/robot_task_manager/build/lib/robot_task_manager
[2.651s] copying robot_task_manager/blackboard.py -> /home/grocerybot/Desktop/EC463_Team_21_Grocery_Robot/build/robot_task_manager/build/lib/robot_task_manager
[2.651s] copying robot_task_manager/bt_executor.py -> /home/grocerybot/Desktop/EC463_Team_21_Grocery_Robot/build/robot_task_manager/build/lib/robot_task_manager
[2.652s] copying robot_task_manager/__init__.py -> /home/grocerybot/Desktop/EC463_Team_21_Grocery_Robot/build/robot_task_manager/build/lib/robot_task_manager
[2.652s] running install
[2.652s] running install_lib
[2.654s] creating /home/grocerybot/Desktop/EC463_Team_21_Grocery_Robot/install/robot_task_manager/lib/python3.10/site-packages/robot_task_manager
[2.654s] copying /home/grocerybot/Desktop/EC463_Team_21_Grocery_Robot/build/robot_task_manager/build/lib/robot_task_manager/blackboard.py -> /home/grocerybot/Desktop/EC463_Team_21_Grocery_Robot/install/robot_task_manager/lib/python3.10/site-packages/robot_task_manager
[2.655s] copying /home/grocerybot/Desktop/EC463_Team_21_Grocery_Robot/build/robot_task_manager/build/lib/robot_task_manager/bt_executor.py -> /home/grocerybot/Desktop/EC463_Team_21_Grocery_Robot/install/robot_task_manager/lib/python3.10/site-packages/robot_task_manager
[2.655s] copying /home/grocerybot/Desktop/EC463_Team_21_Grocery_Robot/build/robot_task_manager/build/lib/robot_task_manager/__init__.py -> /home/grocerybot/Desktop/EC463_Team_21_Grocery_Robot/install/robot_task_manager/lib/python3.10/site-packages/robot_task_manager
[2.656s] byte-compiling /home/grocerybot/Desktop/EC463_Team_21_Grocery_Robot/install/robot_task_manager/lib/python3.10/site-packages/robot_task_manager/blackboard.py to blackboard.cpython-310.pyc
[2.657s] byte-compiling /home/grocerybot/Desktop/EC463_Team_21_Grocery_Robot/install/robot_task_manager/lib/python3.10/site-packages/robot_task_manager/bt_executor.py to bt_executor.cpython-310.pyc
[2.660s] byte-compiling /home/grocerybot/Desktop/EC463_Team_21_Grocery_Robot/install/robot_task_manager/lib/python3.10/site-packages/robot_task_manager/__init__.py to __init__.cpython-310.pyc
[2.661s] running install_data
[2.661s] creating /home/grocerybot/Desktop/EC463_Team_21_Grocery_Robot/install/robot_task_manager/share/ament_index
[2.661s] creating /home/grocerybot/Desktop/EC463_Team_21_Grocery_Robot/install/robot_task_manager/share/ament_index/resource_index
[2.662s] creating /home/grocerybot/Desktop/EC463_Team_21_Grocery_Robot/install/robot_task_manager/share/ament_index/resource_index/packages
[2.662s] copying resource/robot_task_manager -> /home/grocerybot/Desktop/EC463_Team_21_Grocery_Robot/install/robot_task_manager/share/ament_index/resource_index/packages
[2.662s] copying package.xml -> /home/grocerybot/Desktop/EC463_Team_21_Grocery_Robot/install/robot_task_manager/share/robot_task_manager
[2.663s] creating /home/grocerybot/Desktop/EC463_Team_21_Grocery_Robot/install/robot_task_manager/share/robot_task_manager/urdf
[2.663s] creating /home/grocerybot/Desktop/EC463_Team_21_Grocery_Robot/install/robot_task_manager/share/robot_task_manager/launch
[2.663s] copying launch/sample.py -> /home/grocerybot/Desktop/EC463_Team_21_Grocery_Robot/install/robot_task_manager/share/robot_task_manager/launch
[2.663s] creating /home/grocerybot/Desktop/EC463_Team_21_Grocery_Robot/install/robot_task_manager/share/robot_task_manager/config
[2.664s] running install_egg_info
[2.668s] Copying ../../../build/robot_task_manager/robot_task_manager.egg-info to /home/grocerybot/Desktop/EC463_Team_21_Grocery_Robot/install/robot_task_manager/lib/python3.10/site-packages/robot_task_manager-1.0.0-py3.10.egg-info
[2.671s] running install_scripts
[2.724s] Installing bt_executor script to /home/grocerybot/Desktop/EC463_Team_21_Grocery_Robot/install/robot_task_manager/lib/robot_task_manager
[2.725s] writing list of installed files to '/home/grocerybot/Desktop/EC463_Team_21_Grocery_Robot/build/robot_task_manager/install.log'
[2.848s] Invoked command in '/home/grocerybot/Desktop/EC463_Team_21_Grocery_Robot/workspace/src/robot_task_manager' returned '0': AMENT_PREFIX_PATH=/home/grocerybot/Desktop/EC463_Team_21_Grocery_Robot/install/robot_interfaces:${AMENT_PREFIX_PATH} CMAKE_PREFIX_PATH=/home/grocerybot/Desktop/EC463_Team_21_Grocery_Robot/install/robot_interfaces LD_LIBRARY_PATH=/home/grocerybot/Desktop/EC463_Team_21_Grocery_Robot/install/robot_interfaces/lib:${LD_LIBRARY_PATH} PYTHONPATH=/home/grocerybot/Desktop/EC463_Team_21_Grocery_Robot/build/robot_task_manager/prefix_override:/usr/lib/python3/dist-packages/colcon_core/task/python/colcon_distutils_commands:/home/grocerybot/Desktop/EC463_Team_21_Grocery_Robot/install/robot_task_manager/lib/python3.10/site-packages:/home/grocerybot/Desktop/EC463_Team_21_Grocery_Robot/install/robot_interfaces/local/lib/python3.10/dist-packages:${PYTHONPATH} /usr/bin/python3 -W ignore:setup.py install is deprecated -W ignore:easy_install command is deprecated setup.py egg_info --egg-base ../../../build/robot_task_manager build --build-base /home/grocerybot/Desktop/EC463_Team_21_Grocery_Robot/build/robot_task_manager/build install --record /home/grocerybot/Desktop/EC463_Team_21_Grocery_Robot/build/robot_task_manager/install.log --single-version-externally-managed install_data
