[0.023s] Invoking command in '/home/grocerybot/Desktop/EC463_Team_21_Grocery_Robot/build/robot_interfaces': CMAKE_PREFIX_PATH=/opt/ros/humble /usr/bin/cmake /home/grocerybot/Desktop/EC463_Team_21_Grocery_Robot/workspace/src/robot_interfaces -DCMAKE_INSTALL_PREFIX=/home/grocerybot/Desktop/EC463_Team_21_Grocery_Robot/install/robot_interfaces
[0.249s] -- The C compiler identification is GNU 11.4.0
[0.435s] -- The CXX compiler identification is GNU 11.4.0
[0.459s] -- Detecting C compiler ABI info
[0.641s] -- Detecting C compiler ABI info - done
[0.664s] -- Check for working C compiler: /usr/bin/cc - skipped
[0.666s] -- Detecting C compile features
[0.668s] -- Detecting C compile features - done
[0.680s] -- Detecting CXX compiler ABI info
[0.876s] -- Detecting CXX compiler ABI info - done
[0.901s] -- Check for working CXX compiler: /usr/bin/c++ - skipped
[0.902s] -- Detecting CXX compile features
[0.904s] -- Detecting CXX compile features - done
[0.920s] -- Found ament_cmake: 1.3.12 (/opt/ros/humble/share/ament_cmake/cmake)
[1.296s] -- Found Python3: /usr/bin/python3 (found version "3.10.12") found components: Interpreter 
[1.574s] -- Found rosidl_default_generators: 1.2.0 (/opt/ros/humble/share/rosidl_default_generators/cmake)
[1.584s] -- Using all available rosidl_typesupport_c: rosidl_typesupport_fastrtps_c;rosidl_typesupport_introspection_c
[1.607s] -- Found rosidl_adapter: 3.1.7 (/opt/ros/humble/share/rosidl_adapter/cmake)
[1.714s] -- Using all available rosidl_typesupport_cpp: rosidl_typesupport_fastrtps_cpp;rosidl_typesupport_introspection_cpp
[1.800s] -- Found rclpy: 3.3.17 (/opt/ros/humble/share/rclpy/cmake)
[1.803s] -- Found sensor_msgs: 4.9.0 (/opt/ros/humble/share/sensor_msgs/cmake)
[1.949s] -- Found nav2_msgs: 1.1.19 (/opt/ros/humble/share/nav2_msgs/cmake)
[2.106s] -- Found tf2_msgs: 0.25.16 (/opt/ros/humble/share/tf2_msgs/cmake)
[2.154s] -- Found cv_bridge: 3.2.1 (/opt/ros/humble/share/cv_bridge/cmake)
[2.990s] -- Found ament_cmake_ros: 0.10.0 (/opt/ros/humble/share/ament_cmake_ros/cmake)
[3.667s] -- Using all available rosidl_typesupport_c: rosidl_typesupport_fastrtps_c;rosidl_typesupport_introspection_c
[4.576s] -- Using all available rosidl_typesupport_cpp: rosidl_typesupport_fastrtps_cpp;rosidl_typesupport_introspection_cpp
[4.640s] -- Found PythonInterp: /usr/bin/python3 (found suitable version "3.10.12", minimum required is "3.6") 
[4.647s] -- Found python_cmake_module: 0.10.0 (/opt/ros/humble/share/python_cmake_module/cmake)
[4.727s] -- Found PythonLibs: /usr/lib/aarch64-linux-gnu/libpython3.10.so (found suitable version "3.10.12", minimum required is "3.5") 
[4.727s] -- Using PYTHON_EXECUTABLE: /usr/bin/python3
[4.727s] -- Using PYTHON_INCLUDE_DIRS: /usr/include/python3.10
[4.728s] -- Using PYTHON_LIBRARIES: /usr/lib/aarch64-linux-gnu/libpython3.10.so
[4.787s] -- Found PythonExtra: .so  
[4.966s] -- Found ament_lint_auto: 0.12.14 (/opt/ros/humble/share/ament_lint_auto/cmake)
[5.035s] -- Added test 'copyright' to check source files copyright and LICENSE
[5.040s] -- Added test 'lint_cmake' to check CMake code style
[5.043s] -- Added test 'xmllint' to check XML markup files
[5.049s] -- Configuring done
[5.142s] -- Generating done
[5.171s] -- Build files have been written to: /home/grocerybot/Desktop/EC463_Team_21_Grocery_Robot/build/robot_interfaces
[5.216s] Invoked command in '/home/grocerybot/Desktop/EC463_Team_21_Grocery_Robot/build/robot_interfaces' returned '0': CMAKE_PREFIX_PATH=/opt/ros/humble /usr/bin/cmake /home/grocerybot/Desktop/EC463_Team_21_Grocery_Robot/workspace/src/robot_interfaces -DCMAKE_INSTALL_PREFIX=/home/grocerybot/Desktop/EC463_Team_21_Grocery_Robot/install/robot_interfaces
[5.223s] Invoking command in '/home/grocerybot/Desktop/EC463_Team_21_Grocery_Robot/build/robot_interfaces': CMAKE_PREFIX_PATH=/opt/ros/humble /usr/bin/cmake --build /home/grocerybot/Desktop/EC463_Team_21_Grocery_Robot/build/robot_interfaces -- -j6 -l6
[5.324s] [  2%] [34m[1mGenerating C code for ROS interfaces[0m
[5.349s] [  4%] [34m[1mGenerating C++ code for ROS interfaces[0m
[5.376s] [  4%] Built target ament_cmake_python_copy_robot_interfaces
[6.048s] running egg_info
[6.050s] creating robot_interfaces.egg-info
[6.050s] writing robot_interfaces.egg-info/PKG-INFO
[6.051s] writing dependency_links to robot_interfaces.egg-info/dependency_links.txt
[6.051s] writing top-level names to robot_interfaces.egg-info/top_level.txt
[6.052s] writing manifest file 'robot_interfaces.egg-info/SOURCES.txt'
[6.062s] reading manifest file 'robot_interfaces.egg-info/SOURCES.txt'
[6.063s] writing manifest file 'robot_interfaces.egg-info/SOURCES.txt'
[6.179s] [  4%] Built target ament_cmake_python_build_robot_interfaces_egg
[6.285s] [  4%] Built target robot_interfaces__cpp
[6.311s] [  6%] [34m[1mGenerating C++ type support dispatch for ROS interfaces[0m
[6.316s] [  8%] [34m[1mGenerating C++ type support for eProsima Fast-RTPS[0m
[6.333s] [ 10%] [34m[1mGenerating C++ introspection for ROS interfaces[0m
[6.395s] [ 14%] [32mBuilding C object CMakeFiles/robot_interfaces__rosidl_generator_c.dir/rosidl_generator_c/robot_interfaces/srv/detail/new_order__functions.c.o[0m
[6.395s] [ 14%] [32mBuilding C object CMakeFiles/robot_interfaces__rosidl_generator_c.dir/rosidl_generator_c/robot_interfaces/msg/detail/order__functions.c.o[0m
[6.399s] [ 17%] [32mBuilding C object CMakeFiles/robot_interfaces__rosidl_generator_c.dir/rosidl_generator_c/robot_interfaces/msg/detail/order_item__functions.c.o[0m
[6.602s] [ 19%] [32m[1mLinking C shared library librobot_interfaces__rosidl_generator_c.so[0m
[6.709s] [ 19%] Built target robot_interfaces__rosidl_generator_c
[6.738s] [ 25%] [34m[1mGenerating C introspection for ROS interfaces[0m
[6.738s] [ 25%] [34m[1mGenerating C type support for eProsima Fast-RTPS[0m
[6.739s] [ 25%] [34m[1mGenerating C type support dispatch for ROS interfaces[0m
[7.123s] [ 27%] [32mBuilding CXX object CMakeFiles/robot_interfaces__rosidl_typesupport_cpp.dir/rosidl_typesupport_cpp/robot_interfaces/srv/new_order__type_support.cpp.o[0m
[7.248s] [ 29%] [32mBuilding CXX object CMakeFiles/robot_interfaces__rosidl_typesupport_introspection_cpp.dir/rosidl_typesupport_introspection_cpp/robot_interfaces/srv/detail/new_order__type_support.cpp.o[0m
[7.332s] [ 31%] [32mBuilding CXX object CMakeFiles/robot_interfaces__rosidl_typesupport_fastrtps_cpp.dir/rosidl_typesupport_fastrtps_cpp/robot_interfaces/srv/detail/dds_fastrtps/new_order__type_support.cpp.o[0m
[7.561s] [ 34%] [32mBuilding CXX object CMakeFiles/robot_interfaces__rosidl_typesupport_c.dir/rosidl_typesupport_c/robot_interfaces/srv/new_order__type_support.cpp.o[0m
[7.673s] [ 36%] [32mBuilding CXX object CMakeFiles/robot_interfaces__rosidl_typesupport_c.dir/rosidl_typesupport_c/robot_interfaces/msg/order__type_support.cpp.o[0m
[7.699s] [ 38%] [32mBuilding C object CMakeFiles/robot_interfaces__rosidl_typesupport_introspection_c.dir/rosidl_typesupport_introspection_c/robot_interfaces/srv/detail/new_order__type_support.c.o[0m
[7.766s] [ 40%] [32mBuilding CXX object CMakeFiles/robot_interfaces__rosidl_typesupport_c.dir/rosidl_typesupport_c/robot_interfaces/msg/order_item__type_support.cpp.o[0m
[7.820s] [ 42%] [32mBuilding CXX object CMakeFiles/robot_interfaces__rosidl_typesupport_fastrtps_c.dir/rosidl_typesupport_fastrtps_c/robot_interfaces/srv/detail/new_order__type_support_c.cpp.o[0m
[7.854s] [ 44%] [32mBuilding C object CMakeFiles/robot_interfaces__rosidl_typesupport_introspection_c.dir/rosidl_typesupport_introspection_c/robot_interfaces/msg/detail/order__type_support.c.o[0m
[7.857s] [ 46%] [32m[1mLinking CXX shared library librobot_interfaces__rosidl_typesupport_c.so[0m
[7.986s] [ 48%] [32mBuilding C object CMakeFiles/robot_interfaces__rosidl_typesupport_introspection_c.dir/rosidl_typesupport_introspection_c/robot_interfaces/msg/detail/order_item__type_support.c.o[0m
[7.991s] [ 48%] Built target robot_interfaces__rosidl_typesupport_c
[8.020s] [ 51%] [32mBuilding CXX object CMakeFiles/robot_interfaces__rosidl_typesupport_fastrtps_c.dir/rosidl_typesupport_fastrtps_c/robot_interfaces/msg/detail/order__type_support_c.cpp.o[0m
[8.043s] [ 53%] [32mBuilding CXX object CMakeFiles/robot_interfaces__rosidl_typesupport_cpp.dir/rosidl_typesupport_cpp/robot_interfaces/msg/order__type_support.cpp.o[0m
[8.090s] [ 55%] [32m[1mLinking C shared library librobot_interfaces__rosidl_typesupport_introspection_c.so[0m
[8.176s] [ 55%] Built target robot_interfaces__rosidl_typesupport_introspection_c
[8.203s] [ 57%] [32mBuilding CXX object CMakeFiles/robot_interfaces__rosidl_typesupport_cpp.dir/rosidl_typesupport_cpp/robot_interfaces/msg/order_item__type_support.cpp.o[0m
[8.513s] [ 59%] [32mBuilding CXX object CMakeFiles/robot_interfaces__rosidl_typesupport_introspection_cpp.dir/rosidl_typesupport_introspection_cpp/robot_interfaces/msg/detail/order__type_support.cpp.o[0m
[8.640s] [ 61%] [32mBuilding CXX object CMakeFiles/robot_interfaces__rosidl_typesupport_fastrtps_cpp.dir/rosidl_typesupport_fastrtps_cpp/robot_interfaces/msg/detail/dds_fastrtps/order__type_support.cpp.o[0m
[8.886s] [ 63%] [32mBuilding CXX object CMakeFiles/robot_interfaces__rosidl_typesupport_fastrtps_cpp.dir/rosidl_typesupport_fastrtps_cpp/robot_interfaces/msg/detail/dds_fastrtps/order_item__type_support.cpp.o[0m
[8.973s] [ 65%] [32m[1mLinking CXX shared library librobot_interfaces__rosidl_typesupport_cpp.so[0m
[8.990s] [ 68%] [32mBuilding CXX object CMakeFiles/robot_interfaces__rosidl_typesupport_fastrtps_c.dir/rosidl_typesupport_fastrtps_c/robot_interfaces/msg/detail/order_item__type_support_c.cpp.o[0m
[9.086s] [ 68%] Built target robot_interfaces__rosidl_typesupport_cpp
[9.110s] [ 70%] [32mBuilding CXX object CMakeFiles/robot_interfaces__rosidl_typesupport_introspection_cpp.dir/rosidl_typesupport_introspection_cpp/robot_interfaces/msg/detail/order_item__type_support.cpp.o[0m
[10.012s] [ 72%] [32m[1mLinking CXX shared library librobot_interfaces__rosidl_typesupport_fastrtps_c.so[0m
[10.124s] [ 74%] [32m[1mLinking CXX shared library librobot_interfaces__rosidl_typesupport_fastrtps_cpp.so[0m
[10.187s] [ 76%] [32m[1mLinking CXX shared library librobot_interfaces__rosidl_typesupport_introspection_cpp.so[0m
[10.256s] [ 76%] Built target robot_interfaces__rosidl_typesupport_fastrtps_c
[10.365s] [ 76%] Built target robot_interfaces__rosidl_typesupport_fastrtps_cpp
[10.424s] [ 76%] Built target robot_interfaces__rosidl_typesupport_introspection_cpp
[10.474s] [ 76%] Built target robot_interfaces
[10.526s] [ 78%] [34m[1mGenerating Python code for ROS interfaces[0m
[11.781s] [ 78%] Built target robot_interfaces__py
[11.832s] [ 85%] [32mBuilding C object CMakeFiles/robot_interfaces__rosidl_generator_py.dir/rosidl_generator_py/robot_interfaces/srv/_new_order_s.c.o[0m
[11.832s] [ 85%] [32mBuilding C object CMakeFiles/robot_interfaces__rosidl_generator_py.dir/rosidl_generator_py/robot_interfaces/msg/_order_item_s.c.o[0m
[11.832s] [ 85%] [32mBuilding C object CMakeFiles/robot_interfaces__rosidl_generator_py.dir/rosidl_generator_py/robot_interfaces/msg/_order_s.c.o[0m
[12.146s] [ 87%] [32m[1mLinking C shared library rosidl_generator_py/robot_interfaces/librobot_interfaces__rosidl_generator_py.so[0m
[12.247s] [ 87%] Built target robot_interfaces__rosidl_generator_py
[12.299s] [ 93%] [32mBuilding C object CMakeFiles/robot_interfaces__rosidl_typesupport_introspection_c__pyext.dir/rosidl_generator_py/robot_interfaces/_robot_interfaces_s.ep.rosidl_typesupport_introspection_c.c.o[0m
[12.299s] [ 93%] [32mBuilding C object CMakeFiles/robot_interfaces__rosidl_typesupport_fastrtps_c__pyext.dir/rosidl_generator_py/robot_interfaces/_robot_interfaces_s.ep.rosidl_typesupport_fastrtps_c.c.o[0m
[12.300s] [ 93%] [32mBuilding C object CMakeFiles/robot_interfaces__rosidl_typesupport_c__pyext.dir/rosidl_generator_py/robot_interfaces/_robot_interfaces_s.ep.rosidl_typesupport_c.c.o[0m
[12.577s] [100%] [32m[1mLinking C shared library rosidl_generator_py/robot_interfaces/robot_interfaces_s__rosidl_typesupport_c.cpython-310-aarch64-linux-gnu.so[0m
[12.577s] [100%] [32m[1mLinking C shared library rosidl_generator_py/robot_interfaces/robot_interfaces_s__rosidl_typesupport_fastrtps_c.cpython-310-aarch64-linux-gnu.so[0m
[12.578s] [100%] [32m[1mLinking C shared library rosidl_generator_py/robot_interfaces/robot_interfaces_s__rosidl_typesupport_introspection_c.cpython-310-aarch64-linux-gnu.so[0m
[12.683s] [100%] Built target robot_interfaces__rosidl_typesupport_introspection_c__pyext
[12.684s] [100%] Built target robot_interfaces__rosidl_typesupport_fastrtps_c__pyext
[12.684s] [100%] Built target robot_interfaces__rosidl_typesupport_c__pyext
[12.719s] Invoked command in '/home/grocerybot/Desktop/EC463_Team_21_Grocery_Robot/build/robot_interfaces' returned '0': CMAKE_PREFIX_PATH=/opt/ros/humble /usr/bin/cmake --build /home/grocerybot/Desktop/EC463_Team_21_Grocery_Robot/build/robot_interfaces -- -j6 -l6
[12.749s] Invoking command in '/home/grocerybot/Desktop/EC463_Team_21_Grocery_Robot/build/robot_interfaces': CMAKE_PREFIX_PATH=/opt/ros/humble /usr/bin/cmake --install /home/grocerybot/Desktop/EC463_Team_21_Grocery_Robot/build/robot_interfaces
[12.769s] -- Install configuration: ""
[12.770s] -- Installing: /home/grocerybot/Desktop/EC463_Team_21_Grocery_Robot/install/robot_interfaces/share/ament_index/resource_index/rosidl_interfaces/robot_interfaces
[12.770s] -- Installing: /home/grocerybot/Desktop/EC463_Team_21_Grocery_Robot/install/robot_interfaces/include/robot_interfaces/robot_interfaces
[12.770s] -- Installing: /home/grocerybot/Desktop/EC463_Team_21_Grocery_Robot/install/robot_interfaces/include/robot_interfaces/robot_interfaces/srv
[12.771s] -- Installing: /home/grocerybot/Desktop/EC463_Team_21_Grocery_Robot/install/robot_interfaces/include/robot_interfaces/robot_interfaces/srv/detail
[12.771s] -- Installing: /home/grocerybot/Desktop/EC463_Team_21_Grocery_Robot/install/robot_interfaces/include/robot_interfaces/robot_interfaces/srv/detail/new_order__type_support.h
[12.771s] -- Installing: /home/grocerybot/Desktop/EC463_Team_21_Grocery_Robot/install/robot_interfaces/include/robot_interfaces/robot_interfaces/srv/detail/new_order__struct.h
[12.771s] -- Installing: /home/grocerybot/Desktop/EC463_Team_21_Grocery_Robot/install/robot_interfaces/include/robot_interfaces/robot_interfaces/srv/detail/new_order__functions.c
[12.771s] -- Installing: /home/grocerybot/Desktop/EC463_Team_21_Grocery_Robot/install/robot_interfaces/include/robot_interfaces/robot_interfaces/srv/detail/new_order__functions.h
[12.772s] -- Installing: /home/grocerybot/Desktop/EC463_Team_21_Grocery_Robot/install/robot_interfaces/include/robot_interfaces/robot_interfaces/srv/new_order.h
[12.772s] -- Installing: /home/grocerybot/Desktop/EC463_Team_21_Grocery_Robot/install/robot_interfaces/include/robot_interfaces/robot_interfaces/msg
[12.772s] -- Installing: /home/grocerybot/Desktop/EC463_Team_21_Grocery_Robot/install/robot_interfaces/include/robot_interfaces/robot_interfaces/msg/detail
[12.772s] -- Installing: /home/grocerybot/Desktop/EC463_Team_21_Grocery_Robot/install/robot_interfaces/include/robot_interfaces/robot_interfaces/msg/detail/order_item__type_support.h
[12.773s] -- Installing: /home/grocerybot/Desktop/EC463_Team_21_Grocery_Robot/install/robot_interfaces/include/robot_interfaces/robot_interfaces/msg/detail/order_item__functions.h
[12.773s] -- Installing: /home/grocerybot/Desktop/EC463_Team_21_Grocery_Robot/install/robot_interfaces/include/robot_interfaces/robot_interfaces/msg/detail/order__functions.h
[12.773s] -- Installing: /home/grocerybot/Desktop/EC463_Team_21_Grocery_Robot/install/robot_interfaces/include/robot_interfaces/robot_interfaces/msg/detail/order__type_support.h
[12.773s] -- Installing: /home/grocerybot/Desktop/EC463_Team_21_Grocery_Robot/install/robot_interfaces/include/robot_interfaces/robot_interfaces/msg/detail/order_item__functions.c
[12.774s] -- Installing: /home/grocerybot/Desktop/EC463_Team_21_Grocery_Robot/install/robot_interfaces/include/robot_interfaces/robot_interfaces/msg/detail/order__struct.h
[12.774s] -- Installing: /home/grocerybot/Desktop/EC463_Team_21_Grocery_Robot/install/robot_interfaces/include/robot_interfaces/robot_interfaces/msg/detail/order_item__struct.h
[12.774s] -- Installing: /home/grocerybot/Desktop/EC463_Team_21_Grocery_Robot/install/robot_interfaces/include/robot_interfaces/robot_interfaces/msg/detail/order__functions.c
[12.775s] -- Installing: /home/grocerybot/Desktop/EC463_Team_21_Grocery_Robot/install/robot_interfaces/include/robot_interfaces/robot_interfaces/msg/rosidl_generator_c__visibility_control.h
[12.775s] -- Installing: /home/grocerybot/Desktop/EC463_Team_21_Grocery_Robot/install/robot_interfaces/include/robot_interfaces/robot_interfaces/msg/order.h
[12.775s] -- Installing: /home/grocerybot/Desktop/EC463_Team_21_Grocery_Robot/install/robot_interfaces/include/robot_interfaces/robot_interfaces/msg/order_item.h
[12.775s] -- Installing: /home/grocerybot/Desktop/EC463_Team_21_Grocery_Robot/install/robot_interfaces/share/robot_interfaces/environment/library_path.sh
[12.776s] -- Installing: /home/grocerybot/Desktop/EC463_Team_21_Grocery_Robot/install/robot_interfaces/share/robot_interfaces/environment/library_path.dsv
[12.776s] -- Installing: /home/grocerybot/Desktop/EC463_Team_21_Grocery_Robot/install/robot_interfaces/lib/librobot_interfaces__rosidl_generator_c.so
[12.778s] -- Set runtime path of "/home/grocerybot/Desktop/EC463_Team_21_Grocery_Robot/install/robot_interfaces/lib/librobot_interfaces__rosidl_generator_c.so" to ""
[12.778s] -- Up-to-date: /home/grocerybot/Desktop/EC463_Team_21_Grocery_Robot/install/robot_interfaces/include/robot_interfaces/robot_interfaces
[12.778s] -- Up-to-date: /home/grocerybot/Desktop/EC463_Team_21_Grocery_Robot/install/robot_interfaces/include/robot_interfaces/robot_interfaces/srv
[12.779s] -- Up-to-date: /home/grocerybot/Desktop/EC463_Team_21_Grocery_Robot/install/robot_interfaces/include/robot_interfaces/robot_interfaces/srv/detail
[12.779s] -- Installing: /home/grocerybot/Desktop/EC463_Team_21_Grocery_Robot/install/robot_interfaces/include/robot_interfaces/robot_interfaces/srv/detail/new_order__rosidl_typesupport_fastrtps_c.h
[12.779s] -- Up-to-date: /home/grocerybot/Desktop/EC463_Team_21_Grocery_Robot/install/robot_interfaces/include/robot_interfaces/robot_interfaces/msg
[12.779s] -- Up-to-date: /home/grocerybot/Desktop/EC463_Team_21_Grocery_Robot/install/robot_interfaces/include/robot_interfaces/robot_interfaces/msg/detail
[12.779s] -- Installing: /home/grocerybot/Desktop/EC463_Team_21_Grocery_Robot/install/robot_interfaces/include/robot_interfaces/robot_interfaces/msg/detail/order_item__rosidl_typesupport_fastrtps_c.h
[12.779s] -- Installing: /home/grocerybot/Desktop/EC463_Team_21_Grocery_Robot/install/robot_interfaces/include/robot_interfaces/robot_interfaces/msg/detail/order__rosidl_typesupport_fastrtps_c.h
[12.780s] -- Installing: /home/grocerybot/Desktop/EC463_Team_21_Grocery_Robot/install/robot_interfaces/include/robot_interfaces/robot_interfaces/msg/rosidl_typesupport_fastrtps_c__visibility_control.h
[12.780s] -- Installing: /home/grocerybot/Desktop/EC463_Team_21_Grocery_Robot/install/robot_interfaces/lib/librobot_interfaces__rosidl_typesupport_fastrtps_c.so
[12.780s] -- Set runtime path of "/home/grocerybot/Desktop/EC463_Team_21_Grocery_Robot/install/robot_interfaces/lib/librobot_interfaces__rosidl_typesupport_fastrtps_c.so" to ""
[12.781s] -- Up-to-date: /home/grocerybot/Desktop/EC463_Team_21_Grocery_Robot/install/robot_interfaces/include/robot_interfaces/robot_interfaces
[12.781s] -- Up-to-date: /home/grocerybot/Desktop/EC463_Team_21_Grocery_Robot/install/robot_interfaces/include/robot_interfaces/robot_interfaces/srv
[12.781s] -- Up-to-date: /home/grocerybot/Desktop/EC463_Team_21_Grocery_Robot/install/robot_interfaces/include/robot_interfaces/robot_interfaces/srv/detail
[12.781s] -- Installing: /home/grocerybot/Desktop/EC463_Team_21_Grocery_Robot/install/robot_interfaces/include/robot_interfaces/robot_interfaces/srv/detail/new_order__type_support.c
[12.781s] -- Installing: /home/grocerybot/Desktop/EC463_Team_21_Grocery_Robot/install/robot_interfaces/include/robot_interfaces/robot_interfaces/srv/detail/new_order__rosidl_typesupport_introspection_c.h
[12.781s] -- Up-to-date: /home/grocerybot/Desktop/EC463_Team_21_Grocery_Robot/install/robot_interfaces/include/robot_interfaces/robot_interfaces/msg
[12.782s] -- Up-to-date: /home/grocerybot/Desktop/EC463_Team_21_Grocery_Robot/install/robot_interfaces/include/robot_interfaces/robot_interfaces/msg/detail
[12.782s] -- Installing: /home/grocerybot/Desktop/EC463_Team_21_Grocery_Robot/install/robot_interfaces/include/robot_interfaces/robot_interfaces/msg/detail/order__type_support.c
[12.782s] -- Installing: /home/grocerybot/Desktop/EC463_Team_21_Grocery_Robot/install/robot_interfaces/include/robot_interfaces/robot_interfaces/msg/detail/order_item__type_support.c
[12.782s] -- Installing: /home/grocerybot/Desktop/EC463_Team_21_Grocery_Robot/install/robot_interfaces/include/robot_interfaces/robot_interfaces/msg/detail/order_item__rosidl_typesupport_introspection_c.h
[12.782s] -- Installing: /home/grocerybot/Desktop/EC463_Team_21_Grocery_Robot/install/robot_interfaces/include/robot_interfaces/robot_interfaces/msg/detail/order__rosidl_typesupport_introspection_c.h
[12.783s] -- Installing: /home/grocerybot/Desktop/EC463_Team_21_Grocery_Robot/install/robot_interfaces/include/robot_interfaces/robot_interfaces/msg/rosidl_typesupport_introspection_c__visibility_control.h
[12.783s] -- Installing: /home/grocerybot/Desktop/EC463_Team_21_Grocery_Robot/install/robot_interfaces/lib/librobot_interfaces__rosidl_typesupport_introspection_c.so
[12.784s] -- Set runtime path of "/home/grocerybot/Desktop/EC463_Team_21_Grocery_Robot/install/robot_interfaces/lib/librobot_interfaces__rosidl_typesupport_introspection_c.so" to ""
[12.784s] -- Installing: /home/grocerybot/Desktop/EC463_Team_21_Grocery_Robot/install/robot_interfaces/lib/librobot_interfaces__rosidl_typesupport_c.so
[12.785s] -- Set runtime path of "/home/grocerybot/Desktop/EC463_Team_21_Grocery_Robot/install/robot_interfaces/lib/librobot_interfaces__rosidl_typesupport_c.so" to ""
[12.785s] -- Up-to-date: /home/grocerybot/Desktop/EC463_Team_21_Grocery_Robot/install/robot_interfaces/include/robot_interfaces/robot_interfaces
[12.785s] -- Up-to-date: /home/grocerybot/Desktop/EC463_Team_21_Grocery_Robot/install/robot_interfaces/include/robot_interfaces/robot_interfaces/srv
[12.785s] -- Up-to-date: /home/grocerybot/Desktop/EC463_Team_21_Grocery_Robot/install/robot_interfaces/include/robot_interfaces/robot_interfaces/srv/detail
[12.785s] -- Installing: /home/grocerybot/Desktop/EC463_Team_21_Grocery_Robot/install/robot_interfaces/include/robot_interfaces/robot_interfaces/srv/detail/new_order__type_support.hpp
[12.786s] -- Installing: /home/grocerybot/Desktop/EC463_Team_21_Grocery_Robot/install/robot_interfaces/include/robot_interfaces/robot_interfaces/srv/detail/new_order__builder.hpp
[12.786s] -- Installing: /home/grocerybot/Desktop/EC463_Team_21_Grocery_Robot/install/robot_interfaces/include/robot_interfaces/robot_interfaces/srv/detail/new_order__traits.hpp
[12.786s] -- Installing: /home/grocerybot/Desktop/EC463_Team_21_Grocery_Robot/install/robot_interfaces/include/robot_interfaces/robot_interfaces/srv/detail/new_order__struct.hpp
[12.786s] -- Installing: /home/grocerybot/Desktop/EC463_Team_21_Grocery_Robot/install/robot_interfaces/include/robot_interfaces/robot_interfaces/srv/new_order.hpp
[12.786s] -- Up-to-date: /home/grocerybot/Desktop/EC463_Team_21_Grocery_Robot/install/robot_interfaces/include/robot_interfaces/robot_interfaces/msg
[12.786s] -- Installing: /home/grocerybot/Desktop/EC463_Team_21_Grocery_Robot/install/robot_interfaces/include/robot_interfaces/robot_interfaces/msg/order.hpp
[12.787s] -- Installing: /home/grocerybot/Desktop/EC463_Team_21_Grocery_Robot/install/robot_interfaces/include/robot_interfaces/robot_interfaces/msg/order_item.hpp
[12.787s] -- Up-to-date: /home/grocerybot/Desktop/EC463_Team_21_Grocery_Robot/install/robot_interfaces/include/robot_interfaces/robot_interfaces/msg/detail
[12.787s] -- Installing: /home/grocerybot/Desktop/EC463_Team_21_Grocery_Robot/install/robot_interfaces/include/robot_interfaces/robot_interfaces/msg/detail/order__struct.hpp
[12.787s] -- Installing: /home/grocerybot/Desktop/EC463_Team_21_Grocery_Robot/install/robot_interfaces/include/robot_interfaces/robot_interfaces/msg/detail/order__builder.hpp
[12.787s] -- Installing: /home/grocerybot/Desktop/EC463_Team_21_Grocery_Robot/install/robot_interfaces/include/robot_interfaces/robot_interfaces/msg/detail/order__type_support.hpp
[12.787s] -- Installing: /home/grocerybot/Desktop/EC463_Team_21_Grocery_Robot/install/robot_interfaces/include/robot_interfaces/robot_interfaces/msg/detail/order_item__traits.hpp
[12.787s] -- Installing: /home/grocerybot/Desktop/EC463_Team_21_Grocery_Robot/install/robot_interfaces/include/robot_interfaces/robot_interfaces/msg/detail/order_item__type_support.hpp
[12.788s] -- Installing: /home/grocerybot/Desktop/EC463_Team_21_Grocery_Robot/install/robot_interfaces/include/robot_interfaces/robot_interfaces/msg/detail/order_item__struct.hpp
[12.788s] -- Installing: /home/grocerybot/Desktop/EC463_Team_21_Grocery_Robot/install/robot_interfaces/include/robot_interfaces/robot_interfaces/msg/detail/order__traits.hpp
[12.788s] -- Installing: /home/grocerybot/Desktop/EC463_Team_21_Grocery_Robot/install/robot_interfaces/include/robot_interfaces/robot_interfaces/msg/detail/order_item__builder.hpp
[12.788s] -- Installing: /home/grocerybot/Desktop/EC463_Team_21_Grocery_Robot/install/robot_interfaces/include/robot_interfaces/robot_interfaces/msg/rosidl_generator_cpp__visibility_control.hpp
[12.789s] -- Up-to-date: /home/grocerybot/Desktop/EC463_Team_21_Grocery_Robot/install/robot_interfaces/include/robot_interfaces/robot_interfaces
[12.789s] -- Up-to-date: /home/grocerybot/Desktop/EC463_Team_21_Grocery_Robot/install/robot_interfaces/include/robot_interfaces/robot_interfaces/srv
[12.789s] -- Up-to-date: /home/grocerybot/Desktop/EC463_Team_21_Grocery_Robot/install/robot_interfaces/include/robot_interfaces/robot_interfaces/srv/detail
[12.789s] -- Installing: /home/grocerybot/Desktop/EC463_Team_21_Grocery_Robot/install/robot_interfaces/include/robot_interfaces/robot_interfaces/srv/detail/dds_fastrtps
[12.789s] -- Installing: /home/grocerybot/Desktop/EC463_Team_21_Grocery_Robot/install/robot_interfaces/include/robot_interfaces/robot_interfaces/srv/detail/new_order__rosidl_typesupport_fastrtps_cpp.hpp
[12.790s] -- Up-to-date: /home/grocerybot/Desktop/EC463_Team_21_Grocery_Robot/install/robot_interfaces/include/robot_interfaces/robot_interfaces/msg
[12.790s] -- Up-to-date: /home/grocerybot/Desktop/EC463_Team_21_Grocery_Robot/install/robot_interfaces/include/robot_interfaces/robot_interfaces/msg/detail
[12.790s] -- Installing: /home/grocerybot/Desktop/EC463_Team_21_Grocery_Robot/install/robot_interfaces/include/robot_interfaces/robot_interfaces/msg/detail/order__rosidl_typesupport_fastrtps_cpp.hpp
[12.790s] -- Installing: /home/grocerybot/Desktop/EC463_Team_21_Grocery_Robot/install/robot_interfaces/include/robot_interfaces/robot_interfaces/msg/detail/dds_fastrtps
[12.790s] -- Installing: /home/grocerybot/Desktop/EC463_Team_21_Grocery_Robot/install/robot_interfaces/include/robot_interfaces/robot_interfaces/msg/detail/order_item__rosidl_typesupport_fastrtps_cpp.hpp
[12.790s] -- Installing: /home/grocerybot/Desktop/EC463_Team_21_Grocery_Robot/install/robot_interfaces/include/robot_interfaces/robot_interfaces/msg/rosidl_typesupport_fastrtps_cpp__visibility_control.h
[12.791s] -- Installing: /home/grocerybot/Desktop/EC463_Team_21_Grocery_Robot/install/robot_interfaces/lib/librobot_interfaces__rosidl_typesupport_fastrtps_cpp.so
[12.791s] -- Set runtime path of "/home/grocerybot/Desktop/EC463_Team_21_Grocery_Robot/install/robot_interfaces/lib/librobot_interfaces__rosidl_typesupport_fastrtps_cpp.so" to ""
[12.792s] -- Up-to-date: /home/grocerybot/Desktop/EC463_Team_21_Grocery_Robot/install/robot_interfaces/include/robot_interfaces/robot_interfaces
[12.792s] -- Up-to-date: /home/grocerybot/Desktop/EC463_Team_21_Grocery_Robot/install/robot_interfaces/include/robot_interfaces/robot_interfaces/srv
[12.792s] -- Up-to-date: /home/grocerybot/Desktop/EC463_Team_21_Grocery_Robot/install/robot_interfaces/include/robot_interfaces/robot_interfaces/srv/detail
[12.792s] -- Installing: /home/grocerybot/Desktop/EC463_Team_21_Grocery_Robot/install/robot_interfaces/include/robot_interfaces/robot_interfaces/srv/detail/new_order__type_support.cpp
[12.792s] -- Installing: /home/grocerybot/Desktop/EC463_Team_21_Grocery_Robot/install/robot_interfaces/include/robot_interfaces/robot_interfaces/srv/detail/new_order__rosidl_typesupport_introspection_cpp.hpp
[12.793s] -- Up-to-date: /home/grocerybot/Desktop/EC463_Team_21_Grocery_Robot/install/robot_interfaces/include/robot_interfaces/robot_interfaces/msg
[12.793s] -- Up-to-date: /home/grocerybot/Desktop/EC463_Team_21_Grocery_Robot/install/robot_interfaces/include/robot_interfaces/robot_interfaces/msg/detail
[12.793s] -- Installing: /home/grocerybot/Desktop/EC463_Team_21_Grocery_Robot/install/robot_interfaces/include/robot_interfaces/robot_interfaces/msg/detail/order__type_support.cpp
[12.793s] -- Installing: /home/grocerybot/Desktop/EC463_Team_21_Grocery_Robot/install/robot_interfaces/include/robot_interfaces/robot_interfaces/msg/detail/order_item__type_support.cpp
[12.794s] -- Installing: /home/grocerybot/Desktop/EC463_Team_21_Grocery_Robot/install/robot_interfaces/include/robot_interfaces/robot_interfaces/msg/detail/order_item__rosidl_typesupport_introspection_cpp.hpp
[12.794s] -- Installing: /home/grocerybot/Desktop/EC463_Team_21_Grocery_Robot/install/robot_interfaces/include/robot_interfaces/robot_interfaces/msg/detail/order__rosidl_typesupport_introspection_cpp.hpp
[12.794s] -- Installing: /home/grocerybot/Desktop/EC463_Team_21_Grocery_Robot/install/robot_interfaces/lib/librobot_interfaces__rosidl_typesupport_introspection_cpp.so
[12.795s] -- Set runtime path of "/home/grocerybot/Desktop/EC463_Team_21_Grocery_Robot/install/robot_interfaces/lib/librobot_interfaces__rosidl_typesupport_introspection_cpp.so" to ""
[12.795s] -- Installing: /home/grocerybot/Desktop/EC463_Team_21_Grocery_Robot/install/robot_interfaces/lib/librobot_interfaces__rosidl_typesupport_cpp.so
[12.795s] -- Set runtime path of "/home/grocerybot/Desktop/EC463_Team_21_Grocery_Robot/install/robot_interfaces/lib/librobot_interfaces__rosidl_typesupport_cpp.so" to ""
[12.796s] -- Installing: /home/grocerybot/Desktop/EC463_Team_21_Grocery_Robot/install/robot_interfaces/share/robot_interfaces/environment/pythonpath.sh
[12.796s] -- Installing: /home/grocerybot/Desktop/EC463_Team_21_Grocery_Robot/install/robot_interfaces/share/robot_interfaces/environment/pythonpath.dsv
[12.796s] -- Installing: /home/grocerybot/Desktop/EC463_Team_21_Grocery_Robot/install/robot_interfaces/local/lib/python3.10/dist-packages/robot_interfaces-2.0.0-py3.10.egg-info
[12.797s] -- Installing: /home/grocerybot/Desktop/EC463_Team_21_Grocery_Robot/install/robot_interfaces/local/lib/python3.10/dist-packages/robot_interfaces-2.0.0-py3.10.egg-info/top_level.txt
[12.797s] -- Installing: /home/grocerybot/Desktop/EC463_Team_21_Grocery_Robot/install/robot_interfaces/local/lib/python3.10/dist-packages/robot_interfaces-2.0.0-py3.10.egg-info/dependency_links.txt
[12.798s] -- Installing: /home/grocerybot/Desktop/EC463_Team_21_Grocery_Robot/install/robot_interfaces/local/lib/python3.10/dist-packages/robot_interfaces-2.0.0-py3.10.egg-info/PKG-INFO
[12.798s] -- Installing: /home/grocerybot/Desktop/EC463_Team_21_Grocery_Robot/install/robot_interfaces/local/lib/python3.10/dist-packages/robot_interfaces-2.0.0-py3.10.egg-info/SOURCES.txt
[12.798s] -- Installing: /home/grocerybot/Desktop/EC463_Team_21_Grocery_Robot/install/robot_interfaces/local/lib/python3.10/dist-packages/robot_interfaces
[12.799s] -- Installing: /home/grocerybot/Desktop/EC463_Team_21_Grocery_Robot/install/robot_interfaces/local/lib/python3.10/dist-packages/robot_interfaces/robot_interfaces_s__rosidl_typesupport_fastrtps_c.cpython-310-aarch64-linux-gnu.so
[12.799s] -- Installing: /home/grocerybot/Desktop/EC463_Team_21_Grocery_Robot/install/robot_interfaces/local/lib/python3.10/dist-packages/robot_interfaces/srv
[12.799s] -- Installing: /home/grocerybot/Desktop/EC463_Team_21_Grocery_Robot/install/robot_interfaces/local/lib/python3.10/dist-packages/robot_interfaces/srv/_new_order_s.c
[12.800s] -- Installing: /home/grocerybot/Desktop/EC463_Team_21_Grocery_Robot/install/robot_interfaces/local/lib/python3.10/dist-packages/robot_interfaces/srv/_new_order.py
[12.800s] -- Installing: /home/grocerybot/Desktop/EC463_Team_21_Grocery_Robot/install/robot_interfaces/local/lib/python3.10/dist-packages/robot_interfaces/srv/__init__.py
[12.800s] -- Installing: /home/grocerybot/Desktop/EC463_Team_21_Grocery_Robot/install/robot_interfaces/local/lib/python3.10/dist-packages/robot_interfaces/_robot_interfaces_s.ep.rosidl_typesupport_c.c
[12.800s] -- Installing: /home/grocerybot/Desktop/EC463_Team_21_Grocery_Robot/install/robot_interfaces/local/lib/python3.10/dist-packages/robot_interfaces/_robot_interfaces_s.ep.rosidl_typesupport_fastrtps_c.c
[12.801s] -- Installing: /home/grocerybot/Desktop/EC463_Team_21_Grocery_Robot/install/robot_interfaces/local/lib/python3.10/dist-packages/robot_interfaces/librobot_interfaces__rosidl_generator_py.so
[12.801s] -- Installing: /home/grocerybot/Desktop/EC463_Team_21_Grocery_Robot/install/robot_interfaces/local/lib/python3.10/dist-packages/robot_interfaces/_robot_interfaces_s.ep.rosidl_typesupport_introspection_c.c
[12.801s] -- Installing: /home/grocerybot/Desktop/EC463_Team_21_Grocery_Robot/install/robot_interfaces/local/lib/python3.10/dist-packages/robot_interfaces/robot_interfaces_s__rosidl_typesupport_c.cpython-310-aarch64-linux-gnu.so
[12.802s] -- Installing: /home/grocerybot/Desktop/EC463_Team_21_Grocery_Robot/install/robot_interfaces/local/lib/python3.10/dist-packages/robot_interfaces/__init__.py
[12.802s] -- Installing: /home/grocerybot/Desktop/EC463_Team_21_Grocery_Robot/install/robot_interfaces/local/lib/python3.10/dist-packages/robot_interfaces/msg
[12.802s] -- Installing: /home/grocerybot/Desktop/EC463_Team_21_Grocery_Robot/install/robot_interfaces/local/lib/python3.10/dist-packages/robot_interfaces/msg/_order_s.c
[12.803s] -- Installing: /home/grocerybot/Desktop/EC463_Team_21_Grocery_Robot/install/robot_interfaces/local/lib/python3.10/dist-packages/robot_interfaces/msg/_order_item_s.c
[12.803s] -- Installing: /home/grocerybot/Desktop/EC463_Team_21_Grocery_Robot/install/robot_interfaces/local/lib/python3.10/dist-packages/robot_interfaces/msg/_order.py
[12.803s] -- Installing: /home/grocerybot/Desktop/EC463_Team_21_Grocery_Robot/install/robot_interfaces/local/lib/python3.10/dist-packages/robot_interfaces/msg/__init__.py
[12.803s] -- Installing: /home/grocerybot/Desktop/EC463_Team_21_Grocery_Robot/install/robot_interfaces/local/lib/python3.10/dist-packages/robot_interfaces/msg/_order_item.py
[12.804s] -- Installing: /home/grocerybot/Desktop/EC463_Team_21_Grocery_Robot/install/robot_interfaces/local/lib/python3.10/dist-packages/robot_interfaces/robot_interfaces_s__rosidl_typesupport_introspection_c.cpython-310-aarch64-linux-gnu.so
[12.893s] Listing '/home/grocerybot/Desktop/EC463_Team_21_Grocery_Robot/install/robot_interfaces/local/lib/python3.10/dist-packages/robot_interfaces'...
[12.894s] Compiling '/home/grocerybot/Desktop/EC463_Team_21_Grocery_Robot/install/robot_interfaces/local/lib/python3.10/dist-packages/robot_interfaces/__init__.py'...
[12.894s] Listing '/home/grocerybot/Desktop/EC463_Team_21_Grocery_Robot/install/robot_interfaces/local/lib/python3.10/dist-packages/robot_interfaces/msg'...
[12.894s] Compiling '/home/grocerybot/Desktop/EC463_Team_21_Grocery_Robot/install/robot_interfaces/local/lib/python3.10/dist-packages/robot_interfaces/msg/__init__.py'...
[12.895s] Compiling '/home/grocerybot/Desktop/EC463_Team_21_Grocery_Robot/install/robot_interfaces/local/lib/python3.10/dist-packages/robot_interfaces/msg/_order.py'...
[12.895s] Compiling '/home/grocerybot/Desktop/EC463_Team_21_Grocery_Robot/install/robot_interfaces/local/lib/python3.10/dist-packages/robot_interfaces/msg/_order_item.py'...
[12.895s] Listing '/home/grocerybot/Desktop/EC463_Team_21_Grocery_Robot/install/robot_interfaces/local/lib/python3.10/dist-packages/robot_interfaces/srv'...
[12.895s] Compiling '/home/grocerybot/Desktop/EC463_Team_21_Grocery_Robot/install/robot_interfaces/local/lib/python3.10/dist-packages/robot_interfaces/srv/__init__.py'...
[12.895s] Compiling '/home/grocerybot/Desktop/EC463_Team_21_Grocery_Robot/install/robot_interfaces/local/lib/python3.10/dist-packages/robot_interfaces/srv/_new_order.py'...
[12.911s] -- Installing: /home/grocerybot/Desktop/EC463_Team_21_Grocery_Robot/install/robot_interfaces/local/lib/python3.10/dist-packages/robot_interfaces/robot_interfaces_s__rosidl_typesupport_fastrtps_c.cpython-310-aarch64-linux-gnu.so
[12.912s] -- Set runtime path of "/home/grocerybot/Desktop/EC463_Team_21_Grocery_Robot/install/robot_interfaces/local/lib/python3.10/dist-packages/robot_interfaces/robot_interfaces_s__rosidl_typesupport_fastrtps_c.cpython-310-aarch64-linux-gnu.so" to ""
[12.913s] -- Installing: /home/grocerybot/Desktop/EC463_Team_21_Grocery_Robot/install/robot_interfaces/local/lib/python3.10/dist-packages/robot_interfaces/robot_interfaces_s__rosidl_typesupport_introspection_c.cpython-310-aarch64-linux-gnu.so
[12.913s] -- Set runtime path of "/home/grocerybot/Desktop/EC463_Team_21_Grocery_Robot/install/robot_interfaces/local/lib/python3.10/dist-packages/robot_interfaces/robot_interfaces_s__rosidl_typesupport_introspection_c.cpython-310-aarch64-linux-gnu.so" to ""
[12.914s] -- Installing: /home/grocerybot/Desktop/EC463_Team_21_Grocery_Robot/install/robot_interfaces/local/lib/python3.10/dist-packages/robot_interfaces/robot_interfaces_s__rosidl_typesupport_c.cpython-310-aarch64-linux-gnu.so
[12.914s] -- Set runtime path of "/home/grocerybot/Desktop/EC463_Team_21_Grocery_Robot/install/robot_interfaces/local/lib/python3.10/dist-packages/robot_interfaces/robot_interfaces_s__rosidl_typesupport_c.cpython-310-aarch64-linux-gnu.so" to ""
[12.914s] -- Installing: /home/grocerybot/Desktop/EC463_Team_21_Grocery_Robot/install/robot_interfaces/lib/librobot_interfaces__rosidl_generator_py.so
[12.915s] -- Set runtime path of "/home/grocerybot/Desktop/EC463_Team_21_Grocery_Robot/install/robot_interfaces/lib/librobot_interfaces__rosidl_generator_py.so" to ""
[12.915s] -- Installing: /home/grocerybot/Desktop/EC463_Team_21_Grocery_Robot/install/robot_interfaces/share/robot_interfaces/srv/NewOrder.idl
[12.916s] -- Installing: /home/grocerybot/Desktop/EC463_Team_21_Grocery_Robot/install/robot_interfaces/share/robot_interfaces/msg/Order.idl
[12.916s] -- Installing: /home/grocerybot/Desktop/EC463_Team_21_Grocery_Robot/install/robot_interfaces/share/robot_interfaces/msg/OrderItem.idl
[12.916s] -- Installing: /home/grocerybot/Desktop/EC463_Team_21_Grocery_Robot/install/robot_interfaces/share/robot_interfaces/srv/NewOrder.srv
[12.917s] -- Installing: /home/grocerybot/Desktop/EC463_Team_21_Grocery_Robot/install/robot_interfaces/share/robot_interfaces/srv/NewOrder_Request.msg
[12.917s] -- Installing: /home/grocerybot/Desktop/EC463_Team_21_Grocery_Robot/install/robot_interfaces/share/robot_interfaces/srv/NewOrder_Response.msg
[12.917s] -- Installing: /home/grocerybot/Desktop/EC463_Team_21_Grocery_Robot/install/robot_interfaces/share/robot_interfaces/msg/Order.msg
[12.918s] -- Installing: /home/grocerybot/Desktop/EC463_Team_21_Grocery_Robot/install/robot_interfaces/share/robot_interfaces/msg/OrderItem.msg
[12.918s] -- Installing: /home/grocerybot/Desktop/EC463_Team_21_Grocery_Robot/install/robot_interfaces/share/ament_index/resource_index/package_run_dependencies/robot_interfaces
[12.919s] -- Installing: /home/grocerybot/Desktop/EC463_Team_21_Grocery_Robot/install/robot_interfaces/share/ament_index/resource_index/parent_prefix_path/robot_interfaces
[12.919s] -- Installing: /home/grocerybot/Desktop/EC463_Team_21_Grocery_Robot/install/robot_interfaces/share/robot_interfaces/environment/ament_prefix_path.sh
[12.919s] -- Installing: /home/grocerybot/Desktop/EC463_Team_21_Grocery_Robot/install/robot_interfaces/share/robot_interfaces/environment/ament_prefix_path.dsv
[12.920s] -- Installing: /home/grocerybot/Desktop/EC463_Team_21_Grocery_Robot/install/robot_interfaces/share/robot_interfaces/environment/path.sh
[12.920s] -- Installing: /home/grocerybot/Desktop/EC463_Team_21_Grocery_Robot/install/robot_interfaces/share/robot_interfaces/environment/path.dsv
[12.920s] -- Installing: /home/grocerybot/Desktop/EC463_Team_21_Grocery_Robot/install/robot_interfaces/share/robot_interfaces/local_setup.bash
[12.920s] -- Installing: /home/grocerybot/Desktop/EC463_Team_21_Grocery_Robot/install/robot_interfaces/share/robot_interfaces/local_setup.sh
[12.921s] -- Installing: /home/grocerybot/Desktop/EC463_Team_21_Grocery_Robot/install/robot_interfaces/share/robot_interfaces/local_setup.zsh
[12.921s] -- Installing: /home/grocerybot/Desktop/EC463_Team_21_Grocery_Robot/install/robot_interfaces/share/robot_interfaces/local_setup.dsv
[12.921s] -- Installing: /home/grocerybot/Desktop/EC463_Team_21_Grocery_Robot/install/robot_interfaces/share/robot_interfaces/package.dsv
[12.922s] -- Installing: /home/grocerybot/Desktop/EC463_Team_21_Grocery_Robot/install/robot_interfaces/share/ament_index/resource_index/packages/robot_interfaces
[12.922s] -- Installing: /home/grocerybot/Desktop/EC463_Team_21_Grocery_Robot/install/robot_interfaces/share/robot_interfaces/cmake/export_robot_interfaces__rosidl_generator_cExport.cmake
[12.923s] -- Installing: /home/grocerybot/Desktop/EC463_Team_21_Grocery_Robot/install/robot_interfaces/share/robot_interfaces/cmake/export_robot_interfaces__rosidl_generator_cExport-noconfig.cmake
[12.923s] -- Installing: /home/grocerybot/Desktop/EC463_Team_21_Grocery_Robot/install/robot_interfaces/share/robot_interfaces/cmake/export_robot_interfaces__rosidl_typesupport_fastrtps_cExport.cmake
[12.923s] -- Installing: /home/grocerybot/Desktop/EC463_Team_21_Grocery_Robot/install/robot_interfaces/share/robot_interfaces/cmake/export_robot_interfaces__rosidl_typesupport_fastrtps_cExport-noconfig.cmake
[12.924s] -- Installing: /home/grocerybot/Desktop/EC463_Team_21_Grocery_Robot/install/robot_interfaces/share/robot_interfaces/cmake/robot_interfaces__rosidl_typesupport_introspection_cExport.cmake
[12.924s] -- Installing: /home/grocerybot/Desktop/EC463_Team_21_Grocery_Robot/install/robot_interfaces/share/robot_interfaces/cmake/robot_interfaces__rosidl_typesupport_introspection_cExport-noconfig.cmake
[12.924s] -- Installing: /home/grocerybot/Desktop/EC463_Team_21_Grocery_Robot/install/robot_interfaces/share/robot_interfaces/cmake/robot_interfaces__rosidl_typesupport_cExport.cmake
[12.925s] -- Installing: /home/grocerybot/Desktop/EC463_Team_21_Grocery_Robot/install/robot_interfaces/share/robot_interfaces/cmake/robot_interfaces__rosidl_typesupport_cExport-noconfig.cmake
[12.925s] -- Installing: /home/grocerybot/Desktop/EC463_Team_21_Grocery_Robot/install/robot_interfaces/share/robot_interfaces/cmake/export_robot_interfaces__rosidl_generator_cppExport.cmake
[12.925s] -- Installing: /home/grocerybot/Desktop/EC463_Team_21_Grocery_Robot/install/robot_interfaces/share/robot_interfaces/cmake/export_robot_interfaces__rosidl_typesupport_fastrtps_cppExport.cmake
[12.926s] -- Installing: /home/grocerybot/Desktop/EC463_Team_21_Grocery_Robot/install/robot_interfaces/share/robot_interfaces/cmake/export_robot_interfaces__rosidl_typesupport_fastrtps_cppExport-noconfig.cmake
[12.926s] -- Installing: /home/grocerybot/Desktop/EC463_Team_21_Grocery_Robot/install/robot_interfaces/share/robot_interfaces/cmake/robot_interfaces__rosidl_typesupport_introspection_cppExport.cmake
[12.926s] -- Installing: /home/grocerybot/Desktop/EC463_Team_21_Grocery_Robot/install/robot_interfaces/share/robot_interfaces/cmake/robot_interfaces__rosidl_typesupport_introspection_cppExport-noconfig.cmake
[12.927s] -- Installing: /home/grocerybot/Desktop/EC463_Team_21_Grocery_Robot/install/robot_interfaces/share/robot_interfaces/cmake/robot_interfaces__rosidl_typesupport_cppExport.cmake
[12.927s] -- Installing: /home/grocerybot/Desktop/EC463_Team_21_Grocery_Robot/install/robot_interfaces/share/robot_interfaces/cmake/robot_interfaces__rosidl_typesupport_cppExport-noconfig.cmake
[12.927s] -- Installing: /home/grocerybot/Desktop/EC463_Team_21_Grocery_Robot/install/robot_interfaces/share/robot_interfaces/cmake/export_robot_interfaces__rosidl_generator_pyExport.cmake
[12.928s] -- Installing: /home/grocerybot/Desktop/EC463_Team_21_Grocery_Robot/install/robot_interfaces/share/robot_interfaces/cmake/export_robot_interfaces__rosidl_generator_pyExport-noconfig.cmake
[12.928s] -- Installing: /home/grocerybot/Desktop/EC463_Team_21_Grocery_Robot/install/robot_interfaces/share/robot_interfaces/cmake/rosidl_cmake-extras.cmake
[12.929s] -- Installing: /home/grocerybot/Desktop/EC463_Team_21_Grocery_Robot/install/robot_interfaces/share/robot_interfaces/cmake/ament_cmake_export_dependencies-extras.cmake
[12.929s] -- Installing: /home/grocerybot/Desktop/EC463_Team_21_Grocery_Robot/install/robot_interfaces/share/robot_interfaces/cmake/ament_cmake_export_include_directories-extras.cmake
[12.929s] -- Installing: /home/grocerybot/Desktop/EC463_Team_21_Grocery_Robot/install/robot_interfaces/share/robot_interfaces/cmake/ament_cmake_export_libraries-extras.cmake
[12.929s] -- Installing: /home/grocerybot/Desktop/EC463_Team_21_Grocery_Robot/install/robot_interfaces/share/robot_interfaces/cmake/ament_cmake_export_targets-extras.cmake
[12.930s] -- Installing: /home/grocerybot/Desktop/EC463_Team_21_Grocery_Robot/install/robot_interfaces/share/robot_interfaces/cmake/rosidl_cmake_export_typesupport_targets-extras.cmake
[12.930s] -- Installing: /home/grocerybot/Desktop/EC463_Team_21_Grocery_Robot/install/robot_interfaces/share/robot_interfaces/cmake/rosidl_cmake_export_typesupport_libraries-extras.cmake
[12.930s] -- Installing: /home/grocerybot/Desktop/EC463_Team_21_Grocery_Robot/install/robot_interfaces/share/robot_interfaces/cmake/robot_interfacesConfig.cmake
[12.931s] -- Installing: /home/grocerybot/Desktop/EC463_Team_21_Grocery_Robot/install/robot_interfaces/share/robot_interfaces/cmake/robot_interfacesConfig-version.cmake
[12.931s] -- Installing: /home/grocerybot/Desktop/EC463_Team_21_Grocery_Robot/install/robot_interfaces/share/robot_interfaces/package.xml
[12.940s] Invoked command in '/home/grocerybot/Desktop/EC463_Team_21_Grocery_Robot/build/robot_interfaces' returned '0': CMAKE_PREFIX_PATH=/opt/ros/humble /usr/bin/cmake --install /home/grocerybot/Desktop/EC463_Team_21_Grocery_Robot/build/robot_interfaces
